2026-05-25 01:29:21.157 | used=20274MB avail=1011559MB buff_cache=56250MB | NPU: die0=0MB die1=0MB die2=0MB die3=0MB die4=0MB die5=0MB die6=0MB die7=0MB die8=0MB die9=0MB die10=0MB die11=0MB die12=0MB die13=0MB die14=0MB die15=0MB 
2026-05-25 01:29:24.110 | used=20285MB avail=1011548MB buff_cache=56250MB | NPU: die0=0MB die1=0MB die2=0MB die3=0MB die4=0MB die5=0MB die6=0MB die7=0MB die8=0MB die9=0MB die10=0MB die11=0MB die12=0MB die13=0MB die14=0MB die15=0MB 
2026-05-25 01:29:26.994 | used=20259MB avail=1011574MB buff_cache=56250MB | NPU: die0=0MB die1=0MB die2=0MB die3=0MB die4=0MB die5=0MB die6=0MB die7=0MB die8=0MB die9=0MB die10=0MB die11=0MB die12=0MB die13=0MB die14=0MB die15=0MB 
2026-05-25 01:29:29.946 | used=20292MB avail=1011540MB buff_cache=56250MB | NPU: die0=0MB die1=0MB die2=0MB die3=0MB die4=0MB die5=0MB die6=0MB die7=0MB die8=0MB die9=0MB die10=0MB die11=0MB die12=0MB die13=0MB die14=0MB die15=0MB 
2026-05-25 01:29:32.876 | used=20423MB avail=1011410MB buff_cache=56364MB | NPU: die0=0MB die1=0MB die2=0MB die3=0MB die4=0MB die5=0MB die6=0MB die7=0MB die8=0MB die9=0MB die10=0MB die11=0MB die12=0MB die13=0MB die14=0MB die15=0MB 
2026-05-25 01:29:35.842 | used=20564MB avail=1011269MB buff_cache=56488MB | NPU: die0=0MB die1=0MB die2=0MB die3=0MB die4=0MB die5=0MB die6=0MB die7=0MB die8=0MB die9=0MB die10=0MB die11=0MB die12=0MB die13=0MB die14=0MB die15=0MB 
2026-05-25 01:29:38.779 | used=20743MB avail=1011090MB buff_cache=56569MB | NPU: die0=0MB die1=0MB die2=0MB die3=0MB die4=0MB die5=0MB die6=0MB die7=0MB die8=0MB die9=0MB die10=0MB die11=0MB die12=0MB die13=0MB die14=0MB die15=0MB 
2026-05-25 01:29:41.723 | used=20361MB avail=1011471MB buff_cache=56599MB | NPU: die0=0MB die1=0MB die2=0MB die3=0MB die4=0MB die5=0MB die6=0MB die7=0MB die8=0MB die9=0MB die10=0MB die11=0MB die12=0MB die13=0MB die14=0MB die15=0MB 
2026-05-25 01:29:44.695 | used=20554MB avail=1011279MB buff_cache=56599MB | NPU: die0=0MB die1=0MB die2=0MB die3=0MB die4=0MB die5=0MB die6=0MB die7=0MB die8=0MB die9=0MB die10=0MB die11=0MB die12=0MB die13=0MB die14=0MB die15=0MB 
2026-05-25 01:29:47.654 | used=20737MB avail=1011096MB buff_cache=56609MB | NPU: die0=0MB die1=0MB die2=0MB die3=0MB die4=0MB die5=0MB die6=0MB die7=0MB die8=0MB die9=0MB die10=0MB die11=0MB die12=0MB die13=0MB die14=0MB die15=0MB 
2026-05-25 01:29:50.609 | used=20848MB avail=1010985MB buff_cache=56734MB | NPU: die0=0MB die1=0MB die2=0MB die3=0MB die4=0MB die5=0MB die6=0MB die7=0MB die8=0MB die9=0MB die10=0MB die11=0MB die12=0MB die13=0MB die14=0MB die15=0MB 
2026-05-25 01:29:53.476 | used=20928MB avail=1010904MB buff_cache=56851MB | NPU: die0=0MB die1=0MB die2=0MB die3=0MB die4=0MB die5=0MB die6=0MB die7=0MB die8=0MB die9=0MB die10=0MB die11=0MB die12=0MB die13=0MB die14=0MB die15=0MB 
2026-05-25 01:29:56.439 | used=21003MB avail=1010830MB buff_cache=56927MB | NPU: die0=0MB die1=0MB die2=0MB die3=0MB die4=0MB die5=0MB die6=0MB die7=0MB die8=0MB die9=0MB die10=0MB die11=0MB die12=0MB die13=0MB die14=0MB die15=0MB 
2026-05-25 01:29:59.353 | used=21024MB avail=1010808MB buff_cache=56940MB | NPU: die0=0MB die1=0MB die2=0MB die3=0MB die4=0MB die5=0MB die6=0MB die7=0MB die8=0MB die9=0MB die10=0MB die11=0MB die12=0MB die13=0MB die14=0MB die15=0MB 
2026-05-25 01:30:02.279 | used=21073MB avail=1010760MB buff_cache=56951MB | NPU: die0=0MB die1=0MB die2=0MB die3=0MB die4=0MB die5=0MB die6=0MB die7=0MB die8=0MB die9=0MB die10=0MB die11=0MB die12=0MB die13=0MB die14=0MB die15=0MB 
2026-05-25 01:30:05.229 | used=21496MB avail=1010336MB buff_cache=56961MB | NPU: die0=0MB die1=0MB die2=0MB die3=0MB die4=0MB die5=0MB die6=0MB die7=0MB die8=0MB die9=0MB die10=0MB die11=0MB die12=0MB die13=0MB die14=0MB die15=0MB 
2026-05-25 01:30:08.142 | used=22260MB avail=1009573MB buff_cache=56961MB | NPU: die0=0MB die1=0MB die2=0MB die3=0MB die4=0MB die5=0MB die6=0MB die7=0MB die8=0MB die9=0MB die10=0MB die11=0MB die12=0MB die13=0MB die14=0MB die15=0MB 
2026-05-25 01:30:10.994 | used=23168MB avail=1008665MB buff_cache=56971MB | NPU: die0=0MB die1=0MB die2=0MB die3=0MB die4=0MB die5=0MB die6=0MB die7=0MB die8=0MB die9=0MB die10=0MB die11=0MB die12=0MB die13=0MB die14=0MB die15=0MB 
2026-05-25 01:30:13.828 | used=26434MB avail=1005398MB buff_cache=56976MB | NPU: N/A
2026-05-25 01:30:17.007 | used=31203MB avail=1000630MB buff_cache=56981MB | NPU: die0=0MB die1=0MB die2=0MB die3=0MB die4=0MB die5=0MB die6=0MB die7=0MB die8=0MB die9=0MB die10=0MB die11=0MB die12=0MB die13=0MB die14=0MB die15=0MB 
2026-05-25 01:30:20.004 | used=32722MB avail=999111MB buff_cache=57034MB | NPU: die0=0MB die1=0MB die2=0MB die3=0MB die4=0MB die5=0MB die6=0MB die7=0MB die8=0MB die9=0MB die10=0MB die11=0MB die12=0MB die13=0MB die14=0MB die15=0MB 
2026-05-25 01:30:22.920 | used=33017MB avail=998816MB buff_cache=57035MB | NPU: die0=0MB die1=0MB die2=0MB die3=0MB die4=0MB die5=0MB die6=0MB die7=0MB die8=0MB die9=0MB die10=0MB die11=0MB die12=0MB die13=0MB die14=0MB die15=0MB 
2026-05-25 01:30:25.904 | used=33281MB avail=998552MB buff_cache=57038MB | NPU: die0=0MB die1=0MB die2=0MB die3=0MB die4=0MB die5=0MB die6=0MB die7=0MB die8=0MB die9=0MB die10=0MB die11=0MB die12=0MB die13=0MB die14=0MB die15=0MB 
2026-05-25 01:30:28.834 | used=33487MB avail=998346MB buff_cache=57039MB | NPU: die0=0MB die1=0MB die2=0MB die3=0MB die4=0MB die5=0MB die6=0MB die7=0MB die8=0MB die9=0MB die10=0MB die11=0MB die12=0MB die13=0MB die14=0MB die15=0MB 
2026-05-25 01:30:31.758 | used=33471MB avail=998361MB buff_cache=57040MB | NPU: die0=0MB die1=0MB die2=0MB die3=0MB die4=0MB die5=0MB die6=0MB die7=0MB die8=0MB die9=0MB die10=0MB die11=0MB die12=0MB die13=0MB die14=0MB die15=0MB 
2026-05-25 01:30:34.675 | used=33531MB avail=998302MB buff_cache=57040MB | NPU: die0=0MB die1=0MB die2=0MB die3=0MB die4=0MB die5=0MB die6=0MB die7=0MB die8=0MB die9=0MB die10=0MB die11=0MB die12=0MB die13=0MB die14=0MB die15=0MB 
2026-05-25 01:30:37.609 | used=33544MB avail=998289MB buff_cache=57041MB | NPU: die0=0MB die1=0MB die2=0MB die3=0MB die4=0MB die5=0MB die6=0MB die7=0MB die8=0MB die9=0MB die10=0MB die11=0MB die12=0MB die13=0MB die14=0MB die15=0MB 
2026-05-25 01:30:40.463 | used=33607MB avail=998226MB buff_cache=57041MB | NPU: die0=0MB die1=0MB die2=0MB die3=0MB die4=0MB die5=0MB die6=0MB die7=0MB die8=0MB die9=0MB die10=0MB die11=0MB die12=0MB die13=0MB die14=0MB die15=0MB 
2026-05-25 01:30:43.320 | used=33859MB avail=997973MB buff_cache=57058MB | NPU: die0=0MB die1=0MB die2=0MB die3=0MB die4=0MB die5=0MB die6=0MB die7=0MB die8=0MB die9=0MB die10=0MB die11=0MB die12=0MB die13=0MB die14=0MB die15=0MB 
2026-05-25 01:30:46.299 | used=33912MB avail=997921MB buff_cache=57079MB | NPU: die0=0MB die1=0MB die2=0MB die3=0MB die4=0MB die5=0MB die6=0MB die7=0MB die8=0MB die9=0MB die10=0MB die11=0MB die12=0MB die13=0MB die14=0MB die15=0MB 
2026-05-25 01:30:49.264 | used=34264MB avail=997569MB buff_cache=57086MB | NPU: die0=0MB die1=0MB die2=0MB die3=0MB die4=0MB die5=0MB die6=0MB die7=0MB die8=0MB die9=0MB die10=0MB die11=0MB die12=0MB die13=0MB die14=0MB die15=0MB 
2026-05-25 01:30:52.215 | used=34322MB avail=997511MB buff_cache=57105MB | NPU: die0=0MB die1=0MB die2=0MB die3=0MB die4=0MB die5=0MB die6=0MB die7=0MB die8=0MB die9=0MB die10=0MB die11=0MB die12=0MB die13=0MB die14=0MB die15=0MB 
2026-05-25 01:30:55.180 | used=34580MB avail=997253MB buff_cache=57105MB | NPU: die0=0MB die1=0MB die2=0MB die3=0MB die4=0MB die5=0MB die6=0MB die7=0MB die8=0MB die9=0MB die10=0MB die11=0MB die12=0MB die13=0MB die14=0MB die15=0MB 
2026-05-25 01:30:58.068 | used=35072MB avail=996761MB buff_cache=57110MB | NPU: die0=0MB die1=0MB die2=0MB die3=0MB die4=0MB die5=0MB die6=0MB die7=0MB die8=0MB die9=0MB die10=0MB die11=0MB die12=0MB die13=0MB die14=0MB die15=0MB 
2026-05-25 01:31:00.975 | used=35195MB avail=996637MB buff_cache=57111MB | NPU: die0=0MB die1=0MB die2=0MB die3=0MB die4=0MB die5=0MB die6=0MB die7=0MB die8=0MB die9=0MB die10=0MB die11=0MB die12=0MB die13=0MB die14=0MB die15=0MB 
2026-05-25 01:31:03.938 | used=35378MB avail=996455MB buff_cache=57111MB | NPU: die0=0MB die1=0MB die2=0MB die3=0MB die4=0MB die5=0MB die6=0MB die7=0MB die8=0MB die9=0MB die10=0MB die11=0MB die12=0MB die13=0MB die14=0MB die15=0MB 
2026-05-25 01:31:06.857 | used=35449MB avail=996383MB buff_cache=57111MB | NPU: die0=0MB die1=0MB die2=0MB die3=0MB die4=0MB die5=0MB die6=0MB die7=0MB die8=0MB die9=0MB die10=0MB die11=0MB die12=0MB die13=0MB die14=0MB die15=0MB 
2026-05-25 01:31:09.697 | used=35604MB avail=996229MB buff_cache=57112MB | NPU: die0=0MB die1=0MB die2=0MB die3=0MB die4=0MB die5=0MB die6=0MB die7=0MB die8=0MB die9=0MB die10=0MB die11=0MB die12=0MB die13=0MB die14=0MB die15=0MB 
2026-05-25 01:31:12.558 | used=35654MB avail=996178MB buff_cache=57130MB | NPU: die0=0MB die1=0MB die2=0MB die3=0MB die4=0MB die5=0MB die6=0MB die7=0MB die8=0MB die9=0MB die10=0MB die11=0MB die12=0MB die13=0MB die14=0MB die15=0MB 
2026-05-25 01:31:15.431 | used=35670MB avail=996163MB buff_cache=57130MB | NPU: die0=0MB die1=0MB die2=0MB die3=0MB die4=0MB die5=0MB die6=0MB die7=0MB die8=0MB die9=0MB die10=0MB die11=0MB die12=0MB die13=0MB die14=0MB die15=0MB 
2026-05-25 01:31:18.415 | used=35671MB avail=996162MB buff_cache=57131MB | NPU: die0=0MB die1=0MB die2=0MB die3=0MB die4=0MB die5=0MB die6=0MB die7=0MB die8=0MB die9=0MB die10=0MB die11=0MB die12=0MB die13=0MB die14=0MB die15=0MB 
2026-05-25 01:31:21.439 | used=35648MB avail=996185MB buff_cache=57131MB | NPU: die0=0MB die1=0MB die2=0MB die3=0MB die4=0MB die5=0MB die6=0MB die7=0MB die8=0MB die9=0MB die10=0MB die11=0MB die12=0MB die13=0MB die14=0MB die15=0MB 
2026-05-25 01:31:24.375 | used=35682MB avail=996151MB buff_cache=57131MB | NPU: die0=0MB die1=0MB die2=0MB die3=0MB die4=0MB die5=0MB die6=0MB die7=0MB die8=0MB die9=0MB die10=0MB die11=0MB die12=0MB die13=0MB die14=0MB die15=0MB 
2026-05-25 01:31:27.399 | used=35665MB avail=996168MB buff_cache=57131MB | NPU: die0=0MB die1=0MB die2=0MB die3=0MB die4=0MB die5=0MB die6=0MB die7=0MB die8=0MB die9=0MB die10=0MB die11=0MB die12=0MB die13=0MB die14=0MB die15=0MB 
2026-05-25 01:31:30.419 | used=35744MB avail=996089MB buff_cache=57133MB | NPU: die0=0MB die1=0MB die2=0MB die3=0MB die4=0MB die5=0MB die6=0MB die7=0MB die8=0MB die9=0MB die10=0MB die11=0MB die12=0MB die13=0MB die14=0MB die15=0MB 
2026-05-25 01:31:33.340 | used=34048MB avail=997785MB buff_cache=57133MB | NPU: die0=0MB die1=0MB die2=0MB die3=0MB die4=0MB die5=0MB die6=0MB die7=0MB die8=0MB die9=0MB die10=0MB die11=0MB die12=0MB die13=0MB die14=0MB die15=0MB 
2026-05-25 01:31:36.307 | used=34453MB avail=997380MB buff_cache=57134MB | NPU: die0=0MB die1=0MB die2=0MB die3=0MB die4=0MB die5=0MB die6=0MB die7=0MB die8=0MB die9=0MB die10=0MB die11=0MB die12=0MB die13=0MB die14=0MB die15=0MB 
2026-05-25 01:31:39.236 | used=34596MB avail=997237MB buff_cache=57145MB | NPU: die0=0MB die1=0MB die2=0MB die3=0MB die4=0MB die5=0MB die6=0MB die7=0MB die8=0MB die9=0MB die10=0MB die11=0MB die12=0MB die13=0MB die14=0MB die15=0MB 
2026-05-25 01:31:42.187 | used=35066MB avail=996767MB buff_cache=57145MB | NPU: die0=0MB die1=0MB die2=0MB die3=0MB die4=0MB die5=0MB die6=0MB die7=0MB die8=0MB die9=0MB die10=0MB die11=0MB die12=0MB die13=0MB die14=0MB die15=0MB 
2026-05-25 01:31:45.123 | used=35263MB avail=996570MB buff_cache=57145MB | NPU: die0=0MB die1=0MB die2=0MB die3=0MB die4=0MB die5=0MB die6=0MB die7=0MB die8=0MB die9=0MB die10=0MB die11=0MB die12=0MB die13=0MB die14=0MB die15=0MB 
2026-05-25 01:31:48.097 | used=35389MB avail=996444MB buff_cache=57148MB | NPU: die0=0MB die1=0MB die2=0MB die3=0MB die4=0MB die5=0MB die6=0MB die7=0MB die8=0MB die9=0MB die10=0MB die11=0MB die12=0MB die13=0MB die14=0MB die15=0MB 
2026-05-25 01:31:51.030 | used=32992MB avail=998841MB buff_cache=57148MB | NPU: die0=0MB die1=0MB die2=0MB die3=0MB die4=0MB die5=0MB die6=0MB die7=0MB die8=0MB die9=0MB die10=0MB die11=0MB die12=0MB die13=0MB die14=0MB die15=0MB 
2026-05-25 01:31:53.980 | used=33964MB avail=997869MB buff_cache=57148MB | NPU: die0=0MB die1=0MB die2=0MB die3=0MB die4=0MB die5=0MB die6=0MB die7=0MB die8=0MB die9=0MB die10=0MB die11=0MB die12=0MB die13=0MB die14=0MB die15=0MB 
2026-05-25 01:31:56.966 | used=35355MB avail=996477MB buff_cache=57150MB | NPU: die0=0MB die1=0MB die2=0MB die3=0MB die4=0MB die5=0MB die6=0MB die7=0MB die8=0MB die9=0MB die10=0MB die11=0MB die12=0MB die13=0MB die14=0MB die15=0MB 
2026-05-25 01:31:59.935 | used=36064MB avail=995769MB buff_cache=57150MB | NPU: die0=0MB die1=0MB die2=0MB die3=0MB die4=0MB die5=0MB die6=0MB die7=0MB die8=0MB die9=0MB die10=0MB die11=0MB die12=0MB die13=0MB die14=0MB die15=0MB 
2026-05-25 01:32:02.878 | used=37374MB avail=994459MB buff_cache=57150MB | NPU: die0=0MB die1=0MB die2=0MB die3=0MB die4=0MB die5=0MB die6=0MB die7=0MB die8=0MB die9=0MB die10=0MB die11=0MB die12=0MB die13=0MB die14=0MB die15=0MB 
2026-05-25 01:32:05.910 | used=39293MB avail=992540MB buff_cache=57150MB | NPU: die0=0MB die1=0MB die2=0MB die3=0MB die4=0MB die5=0MB die6=0MB die7=0MB die8=0MB die9=0MB die10=0MB die11=0MB die12=0MB die13=0MB die14=0MB die15=0MB 
2026-05-25 01:32:08.866 | used=40859MB avail=990973MB buff_cache=57146MB | NPU: die0=0MB die1=0MB die2=0MB die3=0MB die4=0MB die5=0MB die6=0MB die7=0MB die8=0MB die9=0MB die10=0MB die11=0MB die12=0MB die13=0MB die14=0MB die15=0MB 
2026-05-25 01:32:11.843 | used=41436MB avail=990397MB buff_cache=57146MB | NPU: die0=0MB die1=0MB die2=0MB die3=0MB die4=0MB die5=0MB die6=0MB die7=0MB die8=0MB die9=0MB die10=0MB die11=0MB die12=0MB die13=0MB die14=0MB die15=0MB 
2026-05-25 01:32:14.759 | used=41593MB avail=990240MB buff_cache=57146MB | NPU: die0=0MB die1=0MB die2=0MB die3=0MB die4=0MB die5=0MB die6=0MB die7=0MB die8=0MB die9=0MB die10=0MB die11=0MB die12=0MB die13=0MB die14=0MB die15=0MB 
2026-05-25 01:32:17.731 | used=41909MB avail=989924MB buff_cache=57147MB | NPU: die0=0MB die1=0MB die2=0MB die3=0MB die4=0MB die5=0MB die6=0MB die7=0MB die8=0MB die9=0MB die10=0MB die11=0MB die12=0MB die13=0MB die14=0MB die15=0MB 
2026-05-25 01:32:20.727 | used=42000MB avail=989832MB buff_cache=57148MB | NPU: die0=0MB die1=0MB die2=0MB die3=0MB die4=0MB die5=0MB die6=0MB die7=0MB die8=0MB die9=0MB die10=0MB die11=0MB die12=0MB die13=0MB die14=0MB die15=0MB 
2026-05-25 01:32:23.748 | used=42029MB avail=989804MB buff_cache=57148MB | NPU: die0=0MB die1=0MB die2=0MB die3=0MB die4=0MB die5=0MB die6=0MB die7=0MB die8=0MB die9=0MB die10=0MB die11=0MB die12=0MB die13=0MB die14=0MB die15=0MB 
2026-05-25 01:32:26.700 | used=42072MB avail=989761MB buff_cache=57149MB | NPU: die0=0MB die1=0MB die2=0MB die3=0MB die4=0MB die5=0MB die6=0MB die7=0MB die8=0MB die9=0MB die10=0MB die11=0MB die12=0MB die13=0MB die14=0MB die15=0MB 
2026-05-25 01:32:29.651 | used=45228MB avail=986605MB buff_cache=57448MB | NPU: die0=0MB die1=0MB die2=0MB die3=0MB die4=0MB die5=0MB die6=0MB die7=0MB die8=0MB die9=0MB die10=0MB die11=0MB die12=0MB die13=0MB die14=0MB die15=0MB die0=13430MB die1=14266MB die2=16642MB die3=16592M
2026-05-25 01:32:32.607 | used=45646MB avail=986187MB buff_cache=57451MB | NPU: die0=0MB die1=0MB die2=0MB die3=0MB die4=0MB die5=0MB die6=0MB die7=0MB die8=0MB die9=0MB die10=0MB die11=0MB die12=0MB die13=0MB die14=0MB die15=0MB die0=38358MB die1=39330MB die2=38358MB die3=39330M
2026-05-25 01:32:35.510 | used=45973MB avail=985860MB buff_cache=62252MB | NPU: die0=0MB die1=0MB die2=0MB die3=0MB die4=0MB die5=0MB die6=0MB die7=0MB die8=0MB die9=0MB die10=0MB die11=0MB die12=0MB die13=0MB die14=0MB die15=0MB die0=40412MB die1=40412MB die2=40412MB die3=40412M
2026-05-25 01:32:38.431 | used=46072MB avail=985761MB buff_cache=74058MB | NPU: N/A
2026-05-25 01:32:41.458 | used=46098MB avail=985734MB buff_cache=87074MB | NPU: die0=0MB die1=0MB die2=0MB die3=0MB die4=0MB die5=0MB die6=0MB die7=0MB die8=0MB die9=0MB die10=0MB die11=0MB die12=0MB die13=0MB die14=0MB die15=0MB die0=40412MB die1=40412MB die2=40412MB die3=40412M
2026-05-25 01:32:44.479 | used=46345MB avail=985488MB buff_cache=99768MB | NPU: die0=0MB die1=0MB die2=0MB die3=0MB die4=0MB die5=0MB die6=0MB die7=0MB die8=0MB die9=0MB die10=0MB die11=0MB die12=0MB die13=0MB die14=0MB die15=0MB die0=40412MB die1=40412MB die2=40412MB die3=40412M
2026-05-25 01:32:47.398 | used=46293MB avail=985540MB buff_cache=112156MB | NPU: N/A
2026-05-25 01:32:50.418 | used=46372MB avail=985461MB buff_cache=123387MB | NPU: die0=0MB die1=0MB die2=0MB die3=0MB die4=0MB die5=0MB die6=0MB die7=0MB die8=0MB die9=0MB die10=0MB die11=0MB die12=0MB die13=0MB die14=0MB die15=0MB die0=40412MB die1=40412MB die2=40412MB die3=40412M
2026-05-25 01:32:53.375 | used=66288MB avail=965545MB buff_cache=124578MB | NPU: die0=0MB die1=0MB die2=0MB die3=0MB die4=0MB die5=0MB die6=0MB die7=0MB die8=0MB die9=0MB die10=0MB die11=0MB die12=0MB die13=0MB die14=0MB die15=0MB die0=40412MB die1=40412MB die2=40412MB die3=40412M
2026-05-25 01:32:56.280 | used=93607MB avail=938226MB buff_cache=124579MB | NPU: N/A
2026-05-25 01:32:59.298 | used=137752MB avail=894081MB buff_cache=124578MB | NPU: die0=0MB die1=0MB die2=0MB die3=0MB die4=0MB die5=0MB die6=0MB die7=0MB die8=0MB die9=0MB die10=0MB die11=0MB die12=0MB die13=0MB die14=0MB die15=0MB die0=40412MB die1=40412MB die2=40412MB die3=40412M
2026-05-25 01:33:02.324 | used=181794MB avail=850039MB buff_cache=124578MB | NPU: die0=0MB die1=0MB die2=0MB die3=0MB die4=0MB die5=0MB die6=0MB die7=0MB die8=0MB die9=0MB die10=0MB die11=0MB die12=0MB die13=0MB die14=0MB die15=0MB die0=40412MB die1=40412MB die2=40412MB die3=40412M
2026-05-25 01:33:05.299 | used=217917MB avail=813916MB buff_cache=124578MB | NPU: N/A
2026-05-25 01:33:08.317 | used=262488MB avail=769345MB buff_cache=124579MB | NPU: die0=0MB die1=0MB die2=0MB die3=0MB die4=0MB die5=0MB die6=0MB die7=0MB die8=0MB die9=0MB die10=0MB die11=0MB die12=0MB die13=0MB die14=0MB die15=0MB die0=40412MB die1=40412MB die2=40412MB die3=40412M
2026-05-25 01:33:11.336 | used=306954MB avail=724879MB buff_cache=124579MB | NPU: die0=0MB die1=0MB die2=0MB die3=0MB die4=0MB die5=0MB die6=0MB die7=0MB die8=0MB die9=0MB die10=0MB die11=0MB die12=0MB die13=0MB die14=0MB die15=0MB die0=40412MB die1=40412MB die2=40412MB die3=40412M
2026-05-25 01:33:14.310 | used=338647MB avail=693186MB buff_cache=124579MB | NPU: N/A
2026-05-25 01:33:17.330 | used=402410MB avail=629423MB buff_cache=124579MB | NPU: die0=0MB die1=0MB die2=0MB die3=0MB die4=0MB die5=0MB die6=0MB die7=0MB die8=0MB die9=0MB die10=0MB die11=0MB die12=0MB die13=0MB die14=0MB die15=0MB die0=40412MB die1=40412MB die2=40412MB die3=40412M
2026-05-25 01:33:20.263 | used=402328MB avail=629505MB buff_cache=124580MB | NPU: die0=0MB die1=0MB die2=0MB die3=0MB die4=0MB die5=0MB die6=0MB die7=0MB die8=0MB die9=0MB die10=0MB die11=0MB die12=0MB die13=0MB die14=0MB die15=0MB die0=1426MB die1=1426MB die2=1426MB die3=1426MB di
2026-05-25 01:33:23.163 | used=402410MB avail=629423MB buff_cache=124600MB | NPU: die0=0MB die1=0MB die2=0MB die3=0MB die4=0MB die5=0MB die6=0MB die7=0MB die8=0MB die9=0MB die10=0MB die11=0MB die12=0MB die13=0MB die14=0MB die15=0MB die0=1426MB die1=1426MB die2=1426MB die3=1426MB di
2026-05-25 01:33:26.117 | used=402667MB avail=629165MB buff_cache=124613MB | NPU: die0=0MB die1=0MB die2=0MB die3=0MB die4=0MB die5=0MB die6=0MB die7=0MB die8=0MB die9=0MB die10=0MB die11=0MB die12=0MB die13=0MB die14=0MB die15=0MB die0=1426MB die1=1426MB die2=1426MB die3=1426MB di
2026-05-25 01:33:29.085 | used=403886MB avail=627947MB buff_cache=124616MB | NPU: die0=0MB die1=0MB die2=0MB die3=0MB die4=0MB die5=0MB die6=0MB die7=0MB die8=0MB die9=0MB die10=0MB die11=0MB die12=0MB die13=0MB die14=0MB die15=0MB die0=1426MB die1=1426MB die2=1426MB die3=1426MB di
2026-05-25 01:33:32.045 | used=405215MB avail=626618MB buff_cache=124619MB | NPU: die0=0MB die1=0MB die2=0MB die3=0MB die4=0MB die5=0MB die6=0MB die7=0MB die8=0MB die9=0MB die10=0MB die11=0MB die12=0MB die13=0MB die14=0MB die15=0MB die0=1426MB die1=1426MB die2=1426MB die3=1426MB di
2026-05-25 01:33:35.018 | used=406800MB avail=625033MB buff_cache=124619MB | NPU: die0=0MB die1=0MB die2=0MB die3=0MB die4=0MB die5=0MB die6=0MB die7=0MB die8=0MB die9=0MB die10=0MB die11=0MB die12=0MB die13=0MB die14=0MB die15=0MB die0=1426MB die1=1426MB die2=1426MB die3=1426MB di
2026-05-25 01:33:37.892 | used=407844MB avail=623988MB buff_cache=124620MB | NPU: die0=0MB die1=0MB die2=0MB die3=0MB die4=0MB die5=0MB die6=0MB die7=0MB die8=0MB die9=0MB die10=0MB die11=0MB die12=0MB die13=0MB die14=0MB die15=0MB die0=1426MB die1=1426MB die2=1426MB die3=1426MB di
2026-05-25 01:33:40.838 | used=410054MB avail=621779MB buff_cache=124579MB | NPU: die0=0MB die1=0MB die2=0MB die3=0MB die4=0MB die5=0MB die6=0MB die7=0MB die8=0MB die9=0MB die10=0MB die11=0MB die12=0MB die13=0MB die14=0MB die15=0MB die0=1426MB die1=1426MB die2=1426MB die3=1426MB di
2026-05-25 01:33:43.787 | used=409971MB avail=621862MB buff_cache=124580MB | NPU: die0=0MB die1=0MB die2=0MB die3=0MB die4=0MB die5=0MB die6=0MB die7=0MB die8=0MB die9=0MB die10=0MB die11=0MB die12=0MB die13=0MB die14=0MB die15=0MB die0=1426MB die1=1426MB die2=1426MB die3=1426MB di
2026-05-25 01:33:46.747 | used=410186MB avail=621647MB buff_cache=124581MB | NPU: die0=0MB die1=0MB die2=0MB die3=0MB die4=0MB die5=0MB die6=0MB die7=0MB die8=0MB die9=0MB die10=0MB die11=0MB die12=0MB die13=0MB die14=0MB die15=0MB die0=1426MB die1=1426MB die2=1426MB die3=1426MB di
2026-05-25 01:33:49.758 | used=410337MB avail=621496MB buff_cache=124591MB | NPU: die0=0MB die1=0MB die2=0MB die3=0MB die4=0MB die5=0MB die6=0MB die7=0MB die8=0MB die9=0MB die10=0MB die11=0MB die12=0MB die13=0MB die14=0MB die15=0MB die0=1426MB die1=1426MB die2=1426MB die3=1426MB di
2026-05-25 01:33:52.720 | used=410610MB avail=621223MB buff_cache=124647MB | NPU: die0=0MB die1=0MB die2=0MB die3=0MB die4=0MB die5=0MB die6=0MB die7=0MB die8=0MB die9=0MB die10=0MB die11=0MB die12=0MB die13=0MB die14=0MB die15=0MB die0=1426MB die1=1426MB die2=1426MB die3=1426MB di
2026-05-25 01:33:55.707 | used=410947MB avail=620885MB buff_cache=124647MB | NPU: die0=0MB die1=0MB die2=0MB die3=0MB die4=0MB die5=0MB die6=0MB die7=0MB die8=0MB die9=0MB die10=0MB die11=0MB die12=0MB die13=0MB die14=0MB die15=0MB die0=1426MB die1=1426MB die2=1426MB die3=1426MB di
2026-05-25 01:33:58.722 | used=411153MB avail=620680MB buff_cache=124648MB | NPU: die0=0MB die1=0MB die2=0MB die3=0MB die4=0MB die5=0MB die6=0MB die7=0MB die8=0MB die9=0MB die10=0MB die11=0MB die12=0MB die13=0MB die14=0MB die15=0MB die0=1426MB die1=1426MB die2=1426MB die3=1426MB di
2026-05-25 01:34:01.714 | used=410841MB avail=620992MB buff_cache=124648MB | NPU: die0=0MB die1=0MB die2=0MB die3=0MB die4=0MB die5=0MB die6=0MB die7=0MB die8=0MB die9=0MB die10=0MB die11=0MB die12=0MB die13=0MB die14=0MB die15=0MB die0=1426MB die1=1426MB die2=1426MB die3=1426MB di
2026-05-25 01:34:04.666 | used=411484MB avail=620348MB buff_cache=124843MB | NPU: die0=0MB die1=0MB die2=0MB die3=0MB die4=0MB die5=0MB die6=0MB die7=0MB die8=0MB die9=0MB die10=0MB die11=0MB die12=0MB die13=0MB die14=0MB die15=0MB die0=1426MB die1=1426MB die2=1426MB die3=1426MB di
2026-05-25 01:34:07.609 | used=411673MB avail=620160MB buff_cache=124884MB | NPU: die0=0MB die1=0MB die2=0MB die3=0MB die4=0MB die5=0MB die6=0MB die7=0MB die8=0MB die9=0MB die10=0MB die11=0MB die12=0MB die13=0MB die14=0MB die15=0MB die0=1426MB die1=1426MB die2=1426MB die3=1426MB di
2026-05-25 01:34:10.526 | used=411452MB avail=620381MB buff_cache=124884MB | NPU: die0=0MB die1=0MB die2=0MB die3=0MB die4=0MB die5=0MB die6=0MB die7=0MB die8=0MB die9=0MB die10=0MB die11=0MB die12=0MB die13=0MB die14=0MB die15=0MB die0=1426MB die1=1426MB die2=1426MB die3=1426MB di
2026-05-25 01:34:13.414 | used=412004MB avail=619829MB buff_cache=124886MB | NPU: die0=0MB die1=0MB die2=0MB die3=0MB die4=0MB die5=0MB die6=0MB die7=0MB die8=0MB die9=0MB die10=0MB die11=0MB die12=0MB die13=0MB die14=0MB die15=0MB die0=1426MB die1=1426MB die2=1426MB die3=1426MB di
2026-05-25 01:34:16.364 | used=412111MB avail=619722MB buff_cache=124886MB | NPU: die0=0MB die1=0MB die2=0MB die3=0MB die4=0MB die5=0MB die6=0MB die7=0MB die8=0MB die9=0MB die10=0MB die11=0MB die12=0MB die13=0MB die14=0MB die15=0MB die0=1426MB die1=1426MB die2=1426MB die3=1426MB di
2026-05-25 01:34:19.252 | used=412116MB avail=619716MB buff_cache=124887MB | NPU: die0=0MB die1=0MB die2=0MB die3=0MB die4=0MB die5=0MB die6=0MB die7=0MB die8=0MB die9=0MB die10=0MB die11=0MB die12=0MB die13=0MB die14=0MB die15=0MB die0=1426MB die1=1426MB die2=1426MB die3=1426MB di
2026-05-25 01:34:22.159 | used=412380MB avail=619453MB buff_cache=124891MB | NPU: die0=0MB die1=0MB die2=0MB die3=0MB die4=0MB die5=0MB die6=0MB die7=0MB die8=0MB die9=0MB die10=0MB die11=0MB die12=0MB die13=0MB die14=0MB die15=0MB die0=1426MB die1=1426MB die2=1426MB die3=1426MB di
2026-05-25 01:34:25.180 | used=412827MB avail=619006MB buff_cache=124915MB | NPU: die0=0MB die1=0MB die2=0MB die3=0MB die4=0MB die5=0MB die6=0MB die7=0MB die8=0MB die9=0MB die10=0MB die11=0MB die12=0MB die13=0MB die14=0MB die15=0MB die0=1426MB die1=1426MB die2=1426MB die3=1426MB di
2026-05-25 01:34:28.096 | used=414991MB avail=616842MB buff_cache=125023MB | NPU: die0=0MB die1=0MB die2=0MB die3=0MB die4=0MB die5=0MB die6=0MB die7=0MB die8=0MB die9=0MB die10=0MB die11=0MB die12=0MB die13=0MB die14=0MB die15=0MB die0=1426MB die1=1426MB die2=1426MB die3=1426MB di
2026-05-25 01:34:31.043 | used=414864MB avail=616969MB buff_cache=125081MB | NPU: die0=0MB die1=0MB die2=0MB die3=0MB die4=0MB die5=0MB die6=0MB die7=0MB die8=0MB die9=0MB die10=0MB die11=0MB die12=0MB die13=0MB die14=0MB die15=0MB die0=1426MB die1=1426MB die2=1426MB die3=1426MB di
2026-05-25 01:34:33.985 | used=416339MB avail=615494MB buff_cache=125081MB | NPU: die0=0MB die1=0MB die2=0MB die3=0MB die4=0MB die5=0MB die6=0MB die7=0MB die8=0MB die9=0MB die10=0MB die11=0MB die12=0MB die13=0MB die14=0MB die15=0MB die0=1426MB die1=1426MB die2=1426MB die3=1426MB di
2026-05-25 01:34:36.950 | used=417419MB avail=614414MB buff_cache=125181MB | NPU: die0=0MB die1=0MB die2=0MB die3=0MB die4=0MB die5=0MB die6=0MB die7=0MB die8=0MB die9=0MB die10=0MB die11=0MB die12=0MB die13=0MB die14=0MB die15=0MB die0=1426MB die1=1426MB die2=1426MB die3=1426MB di
2026-05-25 01:34:39.907 | used=418489MB avail=613344MB buff_cache=125257MB | NPU: die0=0MB die1=0MB die2=0MB die3=0MB die4=0MB die5=0MB die6=0MB die7=0MB die8=0MB die9=0MB die10=0MB die11=0MB die12=0MB die13=0MB die14=0MB die15=0MB die0=1426MB die1=1426MB die2=1426MB die3=1426MB di
2026-05-25 01:34:42.846 | used=421004MB avail=610829MB buff_cache=125327MB | NPU: die0=0MB die1=0MB die2=0MB die3=0MB die4=0MB die5=0MB die6=0MB die7=0MB die8=0MB die9=0MB die10=0MB die11=0MB die12=0MB die13=0MB die14=0MB die15=0MB die0=1426MB die1=1426MB die2=1426MB die3=1426MB di
2026-05-25 01:34:45.816 | used=423721MB avail=608111MB buff_cache=125353MB | NPU: die0=0MB die1=0MB die2=0MB die3=0MB die4=0MB die5=0MB die6=0MB die7=0MB die8=0MB die9=0MB die10=0MB die11=0MB die12=0MB die13=0MB die14=0MB die15=0MB die0=1426MB die0=124MB die1=124MB die1=1426MB die2
2026-05-25 01:34:48.725 | used=435880MB avail=595953MB buff_cache=125313MB | NPU: die0=0MB die1=0MB die2=0MB die3=0MB die4=0MB die5=0MB die6=0MB die7=0MB die8=0MB die9=0MB die10=0MB die11=0MB die12=0MB die13=0MB die14=0MB die15=0MB die0=1426MB die0=196MB die1=196MB die1=1426MB die2
2026-05-25 01:34:51.684 | used=437202MB avail=594631MB buff_cache=125376MB | NPU: die0=0MB die1=0MB die2=0MB die3=0MB die4=0MB die5=0MB die6=0MB die7=0MB die8=0MB die9=0MB die10=0MB die11=0MB die12=0MB die13=0MB die14=0MB die15=0MB die0=1426MB die0=196MB die1=196MB die1=1426MB die2
2026-05-25 01:34:54.671 | used=437988MB avail=593845MB buff_cache=125351MB | NPU: die0=0MB die1=0MB die2=0MB die3=0MB die4=0MB die5=0MB die6=0MB die7=0MB die8=0MB die9=0MB die10=0MB die11=0MB die12=0MB die13=0MB die14=0MB die15=0MB die0=1426MB die0=196MB die1=196MB die1=1426MB die2
2026-05-25 01:34:57.635 | used=439228MB avail=592605MB buff_cache=125352MB | NPU: die0=0MB die1=0MB die2=0MB die3=0MB die4=0MB die5=0MB die6=0MB die7=0MB die8=0MB die9=0MB die10=0MB die11=0MB die12=0MB die13=0MB die14=0MB die15=0MB die0=1426MB die0=196MB die1=196MB die1=1426MB die2
2026-05-25 01:35:00.546 | used=440071MB avail=591761MB buff_cache=125352MB | NPU: die0=0MB die1=0MB die2=0MB die3=0MB die4=0MB die5=0MB die6=0MB die7=0MB die8=0MB die9=0MB die10=0MB die11=0MB die12=0MB die13=0MB die14=0MB die15=0MB die0=1426MB die0=196MB die1=196MB die1=1426MB die2
2026-05-25 01:35:03.501 | used=438817MB avail=593016MB buff_cache=125355MB | NPU: die0=0MB die1=0MB die2=0MB die3=0MB die4=0MB die5=0MB die6=0MB die7=0MB die8=0MB die9=0MB die10=0MB die11=0MB die12=0MB die13=0MB die14=0MB die15=0MB die0=1426MB die0=782MB die1=782MB die1=1426MB die2
2026-05-25 01:35:06.449 | used=438855MB avail=592978MB buff_cache=125357MB | NPU: die0=0MB die1=0MB die2=0MB die3=0MB die4=0MB die5=0MB die6=0MB die7=0MB die8=0MB die9=0MB die10=0MB die11=0MB die12=0MB die13=0MB die14=0MB die15=0MB die0=1426MB die0=9140MB die1=9140MB die1=1426MB di
2026-05-25 01:35:09.395 | used=442363MB avail=589470MB buff_cache=125497MB | NPU: die0=0MB die1=0MB die2=0MB die3=0MB die4=0MB die5=0MB die6=0MB die7=0MB die8=0MB die9=0MB die10=0MB die11=0MB die12=0MB die13=0MB die14=0MB die15=0MB die0=1426MB die0=10920MB die1=10924MB die1=1426MB 
2026-05-25 01:35:12.383 | used=442489MB avail=589344MB buff_cache=125499MB | NPU: die0=0MB die1=0MB die2=0MB die3=0MB die4=0MB die5=0MB die6=0MB die7=0MB die8=0MB die9=0MB die10=0MB die11=0MB die12=0MB die13=0MB die14=0MB die15=0MB die0=1426MB die0=10920MB die1=10924MB die1=1426MB 
2026-05-25 01:35:15.401 | used=442589MB avail=589244MB buff_cache=125499MB | NPU: die0=0MB die1=0MB die2=0MB die3=0MB die4=0MB die5=0MB die6=0MB die7=0MB die8=0MB die9=0MB die10=0MB die11=0MB die12=0MB die13=0MB die14=0MB die15=0MB die0=1426MB die0=10920MB die1=10924MB die1=1426MB 
2026-05-25 01:35:18.334 | used=442698MB avail=589135MB buff_cache=125512MB | NPU: die0=0MB die1=0MB die2=0MB die3=0MB die4=0MB die5=0MB die6=0MB die7=0MB die8=0MB die9=0MB die10=0MB die11=0MB die12=0MB die13=0MB die14=0MB die15=0MB die0=1426MB die0=10920MB die1=10924MB die1=1426MB 
2026-05-25 01:35:21.289 | used=442733MB avail=589100MB buff_cache=125513MB | NPU: die0=0MB die1=0MB die2=0MB die3=0MB die4=0MB die5=0MB die6=0MB die7=0MB die8=0MB die9=0MB die10=0MB die11=0MB die12=0MB die13=0MB die14=0MB die15=0MB die0=1426MB die0=10920MB die1=10924MB die1=1426MB 
2026-05-25 01:35:24.245 | used=442805MB avail=589028MB buff_cache=125514MB | NPU: die0=0MB die1=0MB die2=0MB die3=0MB die4=0MB die5=0MB die6=0MB die7=0MB die8=0MB die9=0MB die10=0MB die11=0MB die12=0MB die13=0MB die14=0MB die15=0MB die0=1426MB die0=10920MB die1=10924MB die1=1426MB 
2026-05-25 01:35:27.180 | used=442833MB avail=589000MB buff_cache=125514MB | NPU: N/A
2026-05-25 01:35:30.200 | used=443015MB avail=588818MB buff_cache=125509MB | NPU: die0=0MB die1=0MB die2=0MB die3=0MB die4=0MB die5=0MB die6=0MB die7=0MB die8=0MB die9=0MB die10=0MB die11=0MB die12=0MB die13=0MB die14=0MB die15=0MB die0=1426MB die0=10920MB die1=10924MB die1=1426MB 
2026-05-25 01:35:33.127 | used=443127MB avail=588706MB buff_cache=125511MB | NPU: die0=0MB die1=0MB die2=0MB die3=0MB die4=0MB die5=0MB die6=0MB die7=0MB die8=0MB die9=0MB die10=0MB die11=0MB die12=0MB die13=0MB die14=0MB die15=0MB die0=1426MB die0=10920MB die1=10924MB die1=1426MB 
2026-05-25 01:35:36.101 | used=443166MB avail=588667MB buff_cache=125562MB | NPU: die0=0MB die1=0MB die2=0MB die3=0MB die4=0MB die5=0MB die6=0MB die7=0MB die8=0MB die9=0MB die10=0MB die11=0MB die12=0MB die13=0MB die14=0MB die15=0MB die0=1426MB die0=10920MB die1=10924MB die1=1426MB 
2026-05-25 01:35:39.043 | used=443361MB avail=588472MB buff_cache=125574MB | NPU: die0=0MB die1=0MB die2=0MB die3=0MB die4=0MB die5=0MB die6=0MB die7=0MB die8=0MB die9=0MB die10=0MB die11=0MB die12=0MB die13=0MB die14=0MB die15=0MB die0=1426MB die0=11424MB die1=11416MB die1=1426MB 
2026-05-25 01:35:41.947 | used=443470MB avail=588363MB buff_cache=125574MB | NPU: die0=0MB die1=0MB die2=0MB die3=0MB die4=0MB die5=0MB die6=0MB die7=0MB die8=0MB die9=0MB die10=0MB die11=0MB die12=0MB die13=0MB die14=0MB die15=0MB die0=1426MB die0=36726MB die1=36718MB die1=1426MB 
2026-05-25 01:35:44.964 | used=445324MB avail=586509MB buff_cache=125575MB | NPU: die0=0MB die1=0MB die2=0MB die3=0MB die4=0MB die5=0MB die6=0MB die7=0MB die8=0MB die9=0MB die10=0MB die11=0MB die12=0MB die13=0MB die14=0MB die15=0MB die0=1426MB die0=36862MB die1=36854MB die1=1426MB 
2026-05-25 01:35:47.878 | used=449301MB avail=582532MB buff_cache=125575MB | NPU: die0=0MB die1=0MB die2=0MB die3=0MB die4=0MB die5=0MB die6=0MB die7=0MB die8=0MB die9=0MB die10=0MB die11=0MB die12=0MB die13=0MB die14=0MB die15=0MB die0=1426MB die0=36872MB die1=36862MB die1=1426MB 
2026-05-25 01:35:50.907 | used=454237MB avail=577595MB buff_cache=125575MB | NPU: die0=0MB die1=0MB die2=0MB die3=0MB die4=0MB die5=0MB die6=0MB die7=0MB die8=0MB die9=0MB die10=0MB die11=0MB die12=0MB die13=0MB die14=0MB die15=0MB die0=1426MB die0=36878MB die1=36872MB die1=1426MB 
2026-05-25 01:35:53.836 | used=459164MB avail=572669MB buff_cache=125576MB | NPU: die0=0MB die1=0MB die2=0MB die3=0MB die4=0MB die5=0MB die6=0MB die7=0MB die8=0MB die9=0MB die10=0MB die11=0MB die12=0MB die13=0MB die14=0MB die15=0MB die0=1426MB die0=36886MB die1=36878MB die1=1426MB 
2026-05-25 01:35:56.790 | used=464305MB avail=567528MB buff_cache=125576MB | NPU: die0=0MB die1=0MB die2=0MB die3=0MB die4=0MB die5=0MB die6=0MB die7=0MB die8=0MB die9=0MB die10=0MB die11=0MB die12=0MB die13=0MB die14=0MB die15=0MB die0=1426MB die0=36896MB die1=36888MB die1=1426MB 
2026-05-25 01:35:59.691 | used=469227MB avail=562605MB buff_cache=125576MB | NPU: die0=0MB die1=0MB die2=0MB die3=0MB die4=0MB die5=0MB die6=0MB die7=0MB die8=0MB die9=0MB die10=0MB die11=0MB die12=0MB die13=0MB die14=0MB die15=0MB die0=1426MB die0=36904MB die1=36896MB die1=1426MB 
2026-05-25 01:36:02.641 | used=474099MB avail=557733MB buff_cache=125577MB | NPU: die0=0MB die1=0MB die2=0MB die3=0MB die4=0MB die5=0MB die6=0MB die7=0MB die8=0MB die9=0MB die10=0MB die11=0MB die12=0MB die13=0MB die14=0MB die15=0MB die0=1426MB die0=36912MB die1=36904MB die1=1426MB 
2026-05-25 01:36:05.606 | used=476594MB avail=555239MB buff_cache=125643MB | NPU: die0=0MB die1=0MB die2=0MB die3=0MB die4=0MB die5=0MB die6=0MB die7=0MB die8=0MB die9=0MB die10=0MB die11=0MB die12=0MB die13=0MB die14=0MB die15=0MB die0=1426MB die0=37010MB die1=37002MB die1=1426MB 
2026-05-25 01:36:08.531 | used=476870MB avail=554963MB buff_cache=125640MB | NPU: die0=0MB die1=0MB die2=0MB die3=0MB die4=0MB die5=0MB die6=0MB die7=0MB die8=0MB die9=0MB die10=0MB die11=0MB die12=0MB die13=0MB die14=0MB die15=0MB die0=1426MB die0=37010MB die1=37002MB die1=1426MB 
2026-05-25 01:36:11.480 | used=476922MB avail=554911MB buff_cache=125640MB | NPU: die0=0MB die1=0MB die2=0MB die3=0MB die4=0MB die5=0MB die6=0MB die7=0MB die8=0MB die9=0MB die10=0MB die11=0MB die12=0MB die13=0MB die14=0MB die15=0MB die0=1426MB die0=37010MB die1=37002MB die1=1426MB 
2026-05-25 01:36:14.372 | used=477008MB avail=554825MB buff_cache=125648MB | NPU: die0=0MB die1=0MB die2=0MB die3=0MB die4=0MB die5=0MB die6=0MB die7=0MB die8=0MB die9=0MB die10=0MB die11=0MB die12=0MB die13=0MB die14=0MB die15=0MB die0=1426MB die0=37010MB die1=37002MB die1=1426MB 
2026-05-25 01:36:17.360 | used=477118MB avail=554715MB buff_cache=125667MB | NPU: die0=0MB die1=0MB die2=0MB die3=0MB die4=0MB die5=0MB die6=0MB die7=0MB die8=0MB die9=0MB die10=0MB die11=0MB die12=0MB die13=0MB die14=0MB die15=0MB die0=1426MB die0=37010MB die1=37002MB die1=1426MB 
2026-05-25 01:36:20.314 | used=475484MB avail=556348MB buff_cache=125646MB | NPU: die0=0MB die1=0MB die2=0MB die3=0MB die4=0MB die5=0MB die6=0MB die7=0MB die8=0MB die9=0MB die10=0MB die11=0MB die12=0MB die13=0MB die14=0MB die15=0MB die0=1426MB die0=37010MB die1=37002MB die1=1426MB 
2026-05-25 01:36:23.259 | used=475496MB avail=556337MB buff_cache=125644MB | NPU: die0=0MB die1=0MB die2=0MB die3=0MB die4=0MB die5=0MB die6=0MB die7=0MB die8=0MB die9=0MB die10=0MB die11=0MB die12=0MB die13=0MB die14=0MB die15=0MB die0=1426MB die0=37010MB die1=37002MB die1=1426MB 
2026-05-25 01:36:26.142 | used=475543MB avail=556290MB buff_cache=125648MB | NPU: die0=0MB die1=0MB die2=0MB die3=0MB die4=0MB die5=0MB die6=0MB die7=0MB die8=0MB die9=0MB die10=0MB die11=0MB die12=0MB die13=0MB die14=0MB die15=0MB die0=1426MB die0=37010MB die1=37002MB die1=1426MB 
2026-05-25 01:36:29.039 | used=475538MB avail=556295MB buff_cache=125644MB | NPU: die0=0MB die1=0MB die2=0MB die3=0MB die4=0MB die5=0MB die6=0MB die7=0MB die8=0MB die9=0MB die10=0MB die11=0MB die12=0MB die13=0MB die14=0MB die15=0MB die0=1426MB die0=37010MB die1=37002MB die1=1426MB 
2026-05-25 01:36:31.943 | used=475519MB avail=556313MB buff_cache=125646MB | NPU: die0=0MB die1=0MB die2=0MB die3=0MB die4=0MB die5=0MB die6=0MB die7=0MB die8=0MB die9=0MB die10=0MB die11=0MB die12=0MB die13=0MB die14=0MB die15=0MB die0=1426MB die0=37010MB die1=37002MB die1=1426MB 
2026-05-25 01:36:34.923 | used=475930MB avail=555902MB buff_cache=125645MB | NPU: die0=0MB die1=0MB die2=0MB die3=0MB die4=0MB die5=0MB die6=0MB die7=0MB die8=0MB die9=0MB die10=0MB die11=0MB die12=0MB die13=0MB die14=0MB die15=0MB die0=1426MB die0=37010MB die1=37002MB die1=1426MB 
2026-05-25 01:36:37.865 | used=483425MB avail=548408MB buff_cache=125647MB | NPU: die0=0MB die1=0MB die2=0MB die3=0MB die4=0MB die5=0MB die6=0MB die7=0MB die8=0MB die9=0MB die10=0MB die11=0MB die12=0MB die13=0MB die14=0MB die15=0MB die0=1426MB die0=36032MB die1=36024MB die1=1426MB 
2026-05-25 01:36:40.798 | used=529428MB avail=502405MB buff_cache=125649MB | NPU: die0=0MB die1=0MB die2=0MB die3=0MB die4=0MB die5=0MB die6=0MB die7=0MB die8=0MB die9=0MB die10=0MB die11=0MB die12=0MB die13=0MB die14=0MB die15=0MB die0=1426MB die0=33162MB die1=33284MB die1=1426MB 
2026-05-25 01:36:43.700 | used=574837MB avail=456996MB buff_cache=125650MB | NPU: die0=0MB die1=0MB die2=0MB die3=0MB die4=0MB die5=0MB die6=0MB die7=0MB die8=0MB die9=0MB die10=0MB die11=0MB die12=0MB die13=0MB die14=0MB die15=0MB die0=1426MB die0=30224MB die1=30608MB die1=1426MB 
2026-05-25 01:36:46.664 | used=617677MB avail=414155MB buff_cache=125651MB | NPU: die0=0MB die1=0MB die2=0MB die3=0MB die4=0MB die5=0MB die6=0MB die7=0MB die8=0MB die9=0MB die10=0MB die11=0MB die12=0MB die13=0MB die14=0MB die15=0MB die0=1426MB die0=11904MB die1=19972MB die1=1426MB 
2026-05-25 01:36:49.582 | used=619155MB avail=412677MB buff_cache=125651MB | NPU: die0=0MB die1=0MB die2=0MB die3=0MB die4=0MB die5=0MB die6=0MB die7=0MB die8=0MB die9=0MB die10=0MB die11=0MB die12=0MB die13=0MB die14=0MB die15=0MB die0=1426MB die0=1136MB die1=1128MB die1=1426MB di
2026-05-25 01:36:52.558 | used=621374MB avail=410458MB buff_cache=125651MB | NPU: die0=0MB die1=0MB die2=0MB die3=0MB die4=0MB die5=0MB die6=0MB die7=0MB die8=0MB die9=0MB die10=0MB die11=0MB die12=0MB die13=0MB die14=0MB die15=0MB die0=12768MB die0=10068MB die1=10060MB die1=12768M
2026-05-25 01:36:55.557 | used=623019MB avail=408814MB buff_cache=125665MB | NPU: die0=0MB die1=0MB die2=0MB die3=0MB die4=0MB die5=0MB die6=0MB die7=0MB die8=0MB die9=0MB die10=0MB die11=0MB die12=0MB die13=0MB die14=0MB die15=0MB die0=19324MB die0=10069MB die1=10061MB die1=19324M
2026-05-25 01:36:58.476 | used=623657MB avail=408176MB buff_cache=125666MB | NPU: die0=0MB die1=0MB die2=0MB die3=0MB die4=0MB die5=0MB die6=0MB die7=0MB die8=0MB die9=0MB die10=0MB die11=0MB die12=0MB die13=0MB die14=0MB die15=0MB die0=19324MB die0=10069MB die1=10061MB die1=19324M
2026-05-25 01:37:01.405 | used=623683MB avail=408150MB buff_cache=125666MB | NPU: die0=0MB die1=0MB die2=0MB die3=0MB die4=0MB die5=0MB die6=0MB die7=0MB die8=0MB die9=0MB die10=0MB die11=0MB die12=0MB die13=0MB die14=0MB die15=0MB die0=19324MB die0=10069MB die1=10061MB die1=19324M
2026-05-25 01:37:04.310 | used=623723MB avail=408110MB buff_cache=125666MB | NPU: die0=0MB die1=0MB die2=0MB die3=0MB die4=0MB die5=0MB die6=0MB die7=0MB die8=0MB die9=0MB die10=0MB die11=0MB die12=0MB die13=0MB die14=0MB die15=0MB die0=19324MB die0=10069MB die1=10061MB die1=19324M
2026-05-25 01:37:07.222 | used=623720MB avail=408113MB buff_cache=125667MB | NPU: die0=0MB die1=0MB die2=0MB die3=0MB die4=0MB die5=0MB die6=0MB die7=0MB die8=0MB die9=0MB die10=0MB die11=0MB die12=0MB die13=0MB die14=0MB die15=0MB die0=19324MB die0=10069MB die1=10061MB die1=19324M
2026-05-25 01:37:10.240 | used=623674MB avail=408159MB buff_cache=125667MB | NPU: die0=0MB die1=0MB die2=0MB die3=0MB die4=0MB die5=0MB die6=0MB die7=0MB die8=0MB die9=0MB die10=0MB die11=0MB die12=0MB die13=0MB die14=0MB die15=0MB die0=19324MB die0=10069MB die1=10061MB die1=19324M
2026-05-25 01:37:13.159 | used=623643MB avail=408190MB buff_cache=125667MB | NPU: die0=0MB die1=0MB die2=0MB die3=0MB die4=0MB die5=0MB die6=0MB die7=0MB die8=0MB die9=0MB die10=0MB die11=0MB die12=0MB die13=0MB die14=0MB die15=0MB die0=19324MB die0=10069MB die1=10061MB die1=19324M
2026-05-25 01:37:16.074 | used=623631MB avail=408202MB buff_cache=125667MB | NPU: N/A
2026-05-25 01:37:19.095 | used=623622MB avail=408211MB buff_cache=125668MB | NPU: die0=0MB die1=0MB die2=0MB die3=0MB die4=0MB die5=0MB die6=0MB die7=0MB die8=0MB die9=0MB die10=0MB die11=0MB die12=0MB die13=0MB die14=0MB die15=0MB die0=19324MB die0=10069MB die1=10061MB die1=19324M
2026-05-25 01:37:22.042 | used=623604MB avail=408229MB buff_cache=125668MB | NPU: die0=0MB die1=0MB die2=0MB die3=0MB die4=0MB die5=0MB die6=0MB die7=0MB die8=0MB die9=0MB die10=0MB die11=0MB die12=0MB die13=0MB die14=0MB die15=0MB die0=19324MB die0=10069MB die1=10061MB die1=19324M
2026-05-25 01:37:24.936 | used=623627MB avail=408206MB buff_cache=125668MB | NPU: N/A
2026-05-25 01:37:27.958 | used=623610MB avail=408222MB buff_cache=125668MB | NPU: die0=0MB die1=0MB die2=0MB die3=0MB die4=0MB die5=0MB die6=0MB die7=0MB die8=0MB die9=0MB die10=0MB die11=0MB die12=0MB die13=0MB die14=0MB die15=0MB die0=19324MB die0=10069MB die1=10061MB die1=19324M
2026-05-25 01:37:30.914 | used=623617MB avail=408216MB buff_cache=125669MB | NPU: die0=0MB die1=0MB die2=0MB die3=0MB die4=0MB die5=0MB die6=0MB die7=0MB die8=0MB die9=0MB die10=0MB die11=0MB die12=0MB die13=0MB die14=0MB die15=0MB die0=19324MB die0=10069MB die1=10061MB die1=19324M
2026-05-25 01:37:33.772 | used=623589MB avail=408244MB buff_cache=125669MB | NPU: N/A
2026-05-25 01:37:36.791 | used=623551MB avail=408281MB buff_cache=125669MB | NPU: die0=0MB die1=0MB die2=0MB die3=0MB die4=0MB die5=0MB die6=0MB die7=0MB die8=0MB die9=0MB die10=0MB die11=0MB die12=0MB die13=0MB die14=0MB die15=0MB die0=3556MB die0=34961MB die1=34953MB die1=3556MB 
2026-05-25 01:37:39.776 | used=624993MB avail=406840MB buff_cache=125680MB | NPU: die0=0MB die1=0MB die2=0MB die3=0MB die4=0MB die5=0MB die6=0MB die7=0MB die8=0MB die9=0MB die10=0MB die11=0MB die12=0MB die13=0MB die14=0MB die15=0MB die0=3556MB die0=34961MB die1=34953MB die1=3556MB 
2026-05-25 01:37:42.706 | used=625518MB avail=406315MB buff_cache=125688MB | NPU: die0=0MB die1=0MB die2=0MB die3=0MB die4=0MB die5=0MB die6=0MB die7=0MB die8=0MB die9=0MB die10=0MB die11=0MB die12=0MB die13=0MB die14=0MB die15=0MB die0=3556MB die0=34986MB die1=34980MB die1=3556MB 
2026-05-25 01:37:45.727 | used=626774MB avail=405059MB buff_cache=125789MB | NPU: die0=0MB die1=0MB die2=0MB die3=0MB die4=0MB die5=0MB die6=0MB die7=0MB die8=0MB die9=0MB die10=0MB die11=0MB die12=0MB die13=0MB die14=0MB die15=0MB die0=3556MB die0=35098MB die1=35090MB die1=3556MB 
2026-05-25 01:37:48.706 | used=626849MB avail=404984MB buff_cache=125789MB | NPU: die0=0MB die1=0MB die2=0MB die3=0MB die4=0MB die5=0MB die6=0MB die7=0MB die8=0MB die9=0MB die10=0MB die11=0MB die12=0MB die13=0MB die14=0MB die15=0MB die0=3556MB die0=35098MB die1=35090MB die1=3556MB 
2026-05-25 01:37:51.574 | used=626913MB avail=404919MB buff_cache=125790MB | NPU: die0=0MB die1=0MB die2=0MB die3=0MB die4=0MB die5=0MB die6=0MB die7=0MB die8=0MB die9=0MB die10=0MB die11=0MB die12=0MB die13=0MB die14=0MB die15=0MB die0=3556MB die0=35098MB die1=35090MB die1=3556MB 
2026-05-25 01:37:54.564 | used=627110MB avail=404723MB buff_cache=125790MB | NPU: die0=0MB die1=0MB die2=0MB die3=0MB die4=0MB die5=0MB die6=0MB die7=0MB die8=0MB die9=0MB die10=0MB die11=0MB die12=0MB die13=0MB die14=0MB die15=0MB die0=3556MB die0=35098MB die1=35090MB die1=3556MB 
2026-05-25 01:37:57.508 | used=627178MB avail=404655MB buff_cache=125790MB | NPU: die0=0MB die1=0MB die2=0MB die3=0MB die4=0MB die5=0MB die6=0MB die7=0MB die8=0MB die9=0MB die10=0MB die11=0MB die12=0MB die13=0MB die14=0MB die15=0MB die0=3556MB die0=35098MB die1=35090MB die1=3556MB 
2026-05-25 01:38:00.451 | used=627264MB avail=404569MB buff_cache=125790MB | NPU: die0=0MB die1=0MB die2=0MB die3=0MB die4=0MB die5=0MB die6=0MB die7=0MB die8=0MB die9=0MB die10=0MB die11=0MB die12=0MB die13=0MB die14=0MB die15=0MB die0=3556MB die0=35098MB die1=35090MB die1=3556MB 
2026-05-25 01:38:03.364 | used=627345MB avail=404487MB buff_cache=125790MB | NPU: die0=0MB die1=0MB die2=0MB die3=0MB die4=0MB die5=0MB die6=0MB die7=0MB die8=0MB die9=0MB die10=0MB die11=0MB die12=0MB die13=0MB die14=0MB die15=0MB die0=3556MB die0=35098MB die1=35090MB die1=3556MB 
2026-05-25 01:38:06.344 | used=627461MB avail=404372MB buff_cache=125790MB | NPU: die0=0MB die1=0MB die2=0MB die3=0MB die4=0MB die5=0MB die6=0MB die7=0MB die8=0MB die9=0MB die10=0MB die11=0MB die12=0MB die13=0MB die14=0MB die15=0MB die0=3556MB die0=35098MB die1=35090MB die1=3556MB 
2026-05-25 01:38:09.313 | used=627798MB avail=404035MB buff_cache=125791MB | NPU: die0=0MB die1=0MB die2=0MB die3=0MB die4=0MB die5=0MB die6=0MB die7=0MB die8=0MB die9=0MB die10=0MB die11=0MB die12=0MB die13=0MB die14=0MB die15=0MB die0=3556MB die0=35098MB die1=35090MB die1=3556MB 
2026-05-25 01:38:12.247 | used=627639MB avail=404194MB buff_cache=125791MB | NPU: die0=0MB die1=0MB die2=0MB die3=0MB die4=0MB die5=0MB die6=0MB die7=0MB die8=0MB die9=0MB die10=0MB die11=0MB die12=0MB die13=0MB die14=0MB die15=0MB die0=3556MB die0=35098MB die1=35090MB die1=3556MB 
2026-05-25 01:38:15.194 | used=627848MB avail=403985MB buff_cache=125791MB | NPU: die0=0MB die1=0MB die2=0MB die3=0MB die4=0MB die5=0MB die6=0MB die7=0MB die8=0MB die9=0MB die10=0MB die11=0MB die12=0MB die13=0MB die14=0MB die15=0MB die0=3556MB die0=35098MB die1=35090MB die1=3556MB 
2026-05-25 01:38:18.113 | used=628591MB avail=403242MB buff_cache=125792MB | NPU: die0=0MB die1=0MB die2=0MB die3=0MB die4=0MB die5=0MB die6=0MB die7=0MB die8=0MB die9=0MB die10=0MB die11=0MB die12=0MB die13=0MB die14=0MB die15=0MB die0=3556MB die0=35098MB die1=35090MB die1=3556MB 
2026-05-25 01:38:21.056 | used=627492MB avail=404341MB buff_cache=125793MB | NPU: die0=0MB die1=0MB die2=0MB die3=0MB die4=0MB die5=0MB die6=0MB die7=0MB die8=0MB die9=0MB die10=0MB die11=0MB die12=0MB die13=0MB die14=0MB die15=0MB die0=3556MB die0=35098MB die1=35090MB die1=3556MB 
2026-05-25 01:38:24.035 | used=628172MB avail=403661MB buff_cache=125793MB | NPU: die0=0MB die1=0MB die2=0MB die3=0MB die4=0MB die5=0MB die6=0MB die7=0MB die8=0MB die9=0MB die10=0MB die11=0MB die12=0MB die13=0MB die14=0MB die15=0MB die0=3556MB die0=35098MB die1=35090MB die1=3556MB 
2026-05-25 01:38:26.969 | used=629140MB avail=402693MB buff_cache=125793MB | NPU: die0=0MB die1=0MB die2=0MB die3=0MB die4=0MB die5=0MB die6=0MB die7=0MB die8=0MB die9=0MB die10=0MB die11=0MB die12=0MB die13=0MB die14=0MB die15=0MB die0=3556MB die0=35098MB die1=35090MB die1=3556MB 
2026-05-25 01:38:29.939 | used=627619MB avail=404214MB buff_cache=125793MB | NPU: die0=0MB die1=0MB die2=0MB die3=0MB die4=0MB die5=0MB die6=0MB die7=0MB die8=0MB die9=0MB die10=0MB die11=0MB die12=0MB die13=0MB die14=0MB die15=0MB die0=3556MB die0=35098MB die1=35090MB die1=3556MB 
2026-05-25 01:38:32.839 | used=628364MB avail=403469MB buff_cache=125793MB | NPU: die0=0MB die1=0MB die2=0MB die3=0MB die4=0MB die5=0MB die6=0MB die7=0MB die8=0MB die9=0MB die10=0MB die11=0MB die12=0MB die13=0MB die14=0MB die15=0MB die0=3556MB die0=35098MB die1=35090MB die1=3556MB 
2026-05-25 01:38:35.837 | used=629157MB avail=402676MB buff_cache=125794MB | NPU: die0=0MB die1=0MB die2=0MB die3=0MB die4=0MB die5=0MB die6=0MB die7=0MB die8=0MB die9=0MB die10=0MB die11=0MB die12=0MB die13=0MB die14=0MB die15=0MB die0=3556MB die0=35098MB die1=35090MB die1=3556MB 
2026-05-25 01:38:38.773 | used=627250MB avail=404583MB buff_cache=125794MB | NPU: die0=0MB die1=0MB die2=0MB die3=0MB die4=0MB die5=0MB die6=0MB die7=0MB die8=0MB die9=0MB die10=0MB die11=0MB die12=0MB die13=0MB die14=0MB die15=0MB die0=3556MB die0=35098MB die1=35090MB die1=3556MB 
2026-05-25 01:38:41.712 | used=628275MB avail=403558MB buff_cache=125794MB | NPU: die0=0MB die1=0MB die2=0MB die3=0MB die4=0MB die5=0MB die6=0MB die7=0MB die8=0MB die9=0MB die10=0MB die11=0MB die12=0MB die13=0MB die14=0MB die15=0MB die0=3556MB die0=35098MB die1=35090MB die1=3556MB 
2026-05-25 01:38:44.616 | used=628847MB avail=402986MB buff_cache=125794MB | NPU: die0=0MB die1=0MB die2=0MB die3=0MB die4=0MB die5=0MB die6=0MB die7=0MB die8=0MB die9=0MB die10=0MB die11=0MB die12=0MB die13=0MB die14=0MB die15=0MB die0=3556MB die0=35098MB die1=35090MB die1=3556MB 
2026-05-25 01:38:47.555 | used=626808MB avail=405025MB buff_cache=125807MB | NPU: die0=0MB die1=0MB die2=0MB die3=0MB die4=0MB die5=0MB die6=0MB die7=0MB die8=0MB die9=0MB die10=0MB die11=0MB die12=0MB die13=0MB die14=0MB die15=0MB die0=3556MB die0=35098MB die1=35090MB die1=3556MB 
2026-05-25 01:38:50.573 | used=628282MB avail=403551MB buff_cache=125802MB | NPU: die0=0MB die1=0MB die2=0MB die3=0MB die4=0MB die5=0MB die6=0MB die7=0MB die8=0MB die9=0MB die10=0MB die11=0MB die12=0MB die13=0MB die14=0MB die15=0MB die0=3556MB die0=35098MB die1=35090MB die1=3556MB 
2026-05-25 01:38:53.473 | used=628666MB avail=403167MB buff_cache=125803MB | NPU: die0=0MB die1=0MB die2=0MB die3=0MB die4=0MB die5=0MB die6=0MB die7=0MB die8=0MB die9=0MB die10=0MB die11=0MB die12=0MB die13=0MB die14=0MB die15=0MB die0=3556MB die0=35098MB die1=35090MB die1=3556MB 
2026-05-25 01:38:56.495 | used=627073MB avail=404760MB buff_cache=125803MB | NPU: die0=0MB die1=0MB die2=0MB die3=0MB die4=0MB die5=0MB die6=0MB die7=0MB die8=0MB die9=0MB die10=0MB die11=0MB die12=0MB die13=0MB die14=0MB die15=0MB die0=3556MB die0=35098MB die1=35090MB die1=3556MB 
2026-05-25 01:38:59.437 | used=627974MB avail=403859MB buff_cache=125803MB | NPU: die0=0MB die1=0MB die2=0MB die3=0MB die4=0MB die5=0MB die6=0MB die7=0MB die8=0MB die9=0MB die10=0MB die11=0MB die12=0MB die13=0MB die14=0MB die15=0MB die0=3556MB die0=35098MB die1=35090MB die1=3556MB 
2026-05-25 01:39:02.451 | used=628191MB avail=403642MB buff_cache=125803MB | NPU: die0=0MB die1=0MB die2=0MB die3=0MB die4=0MB die5=0MB die6=0MB die7=0MB die8=0MB die9=0MB die10=0MB die11=0MB die12=0MB die13=0MB die14=0MB die15=0MB die0=3556MB die0=35098MB die1=35090MB die1=3556MB 
2026-05-25 01:39:05.426 | used=628221MB avail=403612MB buff_cache=125803MB | NPU: die0=0MB die1=0MB die2=0MB die3=0MB die4=0MB die5=0MB die6=0MB die7=0MB die8=0MB die9=0MB die10=0MB die11=0MB die12=0MB die13=0MB die14=0MB die15=0MB die0=3556MB die0=35098MB die1=35090MB die1=3556MB 
2026-05-25 01:39:08.355 | used=627521MB avail=404312MB buff_cache=125803MB | NPU: die0=0MB die1=0MB die2=0MB die3=0MB die4=0MB die5=0MB die6=0MB die7=0MB die8=0MB die9=0MB die10=0MB die11=0MB die12=0MB die13=0MB die14=0MB die15=0MB die0=3556MB die0=35098MB die1=35090MB die1=3556MB 
2026-05-25 01:39:11.327 | used=627767MB avail=404066MB buff_cache=125804MB | NPU: die0=0MB die1=0MB die2=0MB die3=0MB die4=0MB die5=0MB die6=0MB die7=0MB die8=0MB die9=0MB die10=0MB die11=0MB die12=0MB die13=0MB die14=0MB die15=0MB die0=3556MB die0=35098MB die1=35090MB die1=3556MB 
2026-05-25 01:39:14.296 | used=628381MB avail=403452MB buff_cache=125804MB | NPU: die0=0MB die1=0MB die2=0MB die3=0MB die4=0MB die5=0MB die6=0MB die7=0MB die8=0MB die9=0MB die10=0MB die11=0MB die12=0MB die13=0MB die14=0MB die15=0MB die0=3556MB die0=35098MB die1=35090MB die1=3556MB 
2026-05-25 01:39:17.240 | used=627003MB avail=404830MB buff_cache=125804MB | NPU: die0=0MB die1=0MB die2=0MB die3=0MB die4=0MB die5=0MB die6=0MB die7=0MB die8=0MB die9=0MB die10=0MB die11=0MB die12=0MB die13=0MB die14=0MB die15=0MB die0=3556MB die0=35098MB die1=35090MB die1=3556MB 
2026-05-25 01:39:20.216 | used=627431MB avail=404402MB buff_cache=125804MB | NPU: die0=0MB die1=0MB die2=0MB die3=0MB die4=0MB die5=0MB die6=0MB die7=0MB die8=0MB die9=0MB die10=0MB die11=0MB die12=0MB die13=0MB die14=0MB die15=0MB die0=3556MB die0=35098MB die1=35090MB die1=3556MB 
2026-05-25 01:39:23.136 | used=628001MB avail=403832MB buff_cache=125804MB | NPU: die0=0MB die1=0MB die2=0MB die3=0MB die4=0MB die5=0MB die6=0MB die7=0MB die8=0MB die9=0MB die10=0MB die11=0MB die12=0MB die13=0MB die14=0MB die15=0MB die0=3556MB die0=35098MB die1=35090MB die1=3556MB 
2026-05-25 01:39:26.112 | used=626824MB avail=405009MB buff_cache=125805MB | NPU: die0=0MB die1=0MB die2=0MB die3=0MB die4=0MB die5=0MB die6=0MB die7=0MB die8=0MB die9=0MB die10=0MB die11=0MB die12=0MB die13=0MB die14=0MB die15=0MB die0=3556MB die0=35098MB die1=35090MB die1=3556MB 
2026-05-25 01:39:28.981 | used=627169MB avail=404664MB buff_cache=125805MB | NPU: die0=0MB die1=0MB die2=0MB die3=0MB die4=0MB die5=0MB die6=0MB die7=0MB die8=0MB die9=0MB die10=0MB die11=0MB die12=0MB die13=0MB die14=0MB die15=0MB die0=3556MB die0=35098MB die1=35090MB die1=3556MB 
2026-05-25 01:39:31.906 | used=627606MB avail=404226MB buff_cache=125805MB | NPU: die0=0MB die1=0MB die2=0MB die3=0MB die4=0MB die5=0MB die6=0MB die7=0MB die8=0MB die9=0MB die10=0MB die11=0MB die12=0MB die13=0MB die14=0MB die15=0MB die0=3556MB die0=35098MB die1=35090MB die1=3556MB 
2026-05-25 01:39:34.823 | used=626837MB avail=404996MB buff_cache=125806MB | NPU: die0=0MB die1=0MB die2=0MB die3=0MB die4=0MB die5=0MB die6=0MB die7=0MB die8=0MB die9=0MB die10=0MB die11=0MB die12=0MB die13=0MB die14=0MB die15=0MB die0=3556MB die0=35098MB die1=35090MB die1=3556MB 
2026-05-25 01:39:37.763 | used=626977MB avail=404855MB buff_cache=125806MB | NPU: die0=0MB die1=0MB die2=0MB die3=0MB die4=0MB die5=0MB die6=0MB die7=0MB die8=0MB die9=0MB die10=0MB die11=0MB die12=0MB die13=0MB die14=0MB die15=0MB die0=3556MB die0=35098MB die1=35090MB die1=3556MB 
2026-05-25 01:39:40.673 | used=627181MB avail=404652MB buff_cache=125806MB | NPU: die0=0MB die1=0MB die2=0MB die3=0MB die4=0MB die5=0MB die6=0MB die7=0MB die8=0MB die9=0MB die10=0MB die11=0MB die12=0MB die13=0MB die14=0MB die15=0MB die0=3556MB die0=35098MB die1=35090MB die1=3556MB 
2026-05-25 01:39:43.607 | used=627285MB avail=404548MB buff_cache=125841MB | NPU: die0=0MB die1=0MB die2=0MB die3=0MB die4=0MB die5=0MB die6=0MB die7=0MB die8=0MB die9=0MB die10=0MB die11=0MB die12=0MB die13=0MB die14=0MB die15=0MB die0=3556MB die0=36402MB die1=36396MB die1=3556MB 
2026-05-25 01:39:46.533 | used=627397MB avail=404436MB buff_cache=125843MB | NPU: die0=0MB die1=0MB die2=0MB die3=0MB die4=0MB die5=0MB die6=0MB die7=0MB die8=0MB die9=0MB die10=0MB die11=0MB die12=0MB die13=0MB die14=0MB die15=0MB die0=3556MB die0=36404MB die1=36396MB die1=3556MB 
2026-05-25 01:39:49.479 | used=627447MB avail=404386MB buff_cache=125843MB | NPU: die0=0MB die1=0MB die2=0MB die3=0MB die4=0MB die5=0MB die6=0MB die7=0MB die8=0MB die9=0MB die10=0MB die11=0MB die12=0MB die13=0MB die14=0MB die15=0MB die0=3556MB die0=36404MB die1=36396MB die1=3556MB 
2026-05-25 01:39:52.443 | used=627420MB avail=404413MB buff_cache=125844MB | NPU: die0=0MB die1=0MB die2=0MB die3=0MB die4=0MB die5=0MB die6=0MB die7=0MB die8=0MB die9=0MB die10=0MB die11=0MB die12=0MB die13=0MB die14=0MB die15=0MB die0=3556MB die0=36404MB die1=36396MB die1=3556MB 
2026-05-25 01:39:55.383 | used=627466MB avail=404366MB buff_cache=125844MB | NPU: die0=0MB die1=0MB die2=0MB die3=0MB die4=0MB die5=0MB die6=0MB die7=0MB die8=0MB die9=0MB die10=0MB die11=0MB die12=0MB die13=0MB die14=0MB die15=0MB die0=3556MB die0=36404MB die1=36396MB die1=3556MB 
2026-05-25 01:39:58.297 | used=627433MB avail=404400MB buff_cache=125844MB | NPU: die0=0MB die1=0MB die2=0MB die3=0MB die4=0MB die5=0MB die6=0MB die7=0MB die8=0MB die9=0MB die10=0MB die11=0MB die12=0MB die13=0MB die14=0MB die15=0MB die0=3556MB die0=36404MB die1=36396MB die1=3556MB 
2026-05-25 01:40:01.276 | used=627481MB avail=404352MB buff_cache=125845MB | NPU: die0=0MB die1=0MB die2=0MB die3=0MB die4=0MB die5=0MB die6=0MB die7=0MB die8=0MB die9=0MB die10=0MB die11=0MB die12=0MB die13=0MB die14=0MB die15=0MB die0=3556MB die0=36404MB die1=36396MB die1=3556MB 
2026-05-25 01:40:04.240 | used=627539MB avail=404293MB buff_cache=125845MB | NPU: die0=0MB die1=0MB die2=0MB die3=0MB die4=0MB die5=0MB die6=0MB die7=0MB die8=0MB die9=0MB die10=0MB die11=0MB die12=0MB die13=0MB die14=0MB die15=0MB die0=3556MB die0=36404MB die1=36396MB die1=3556MB 
2026-05-25 01:40:07.163 | used=627547MB avail=404286MB buff_cache=125845MB | NPU: die0=0MB die1=0MB die2=0MB die3=0MB die4=0MB die5=0MB die6=0MB die7=0MB die8=0MB die9=0MB die10=0MB die11=0MB die12=0MB die13=0MB die14=0MB die15=0MB die0=3556MB die0=36404MB die1=36396MB die1=3556MB 
2026-05-25 01:40:10.159 | used=627633MB avail=404200MB buff_cache=125847MB | NPU: die0=0MB die1=0MB die2=0MB die3=0MB die4=0MB die5=0MB die6=0MB die7=0MB die8=0MB die9=0MB die10=0MB die11=0MB die12=0MB die13=0MB die14=0MB die15=0MB die0=3556MB die0=36404MB die1=36396MB die1=3556MB 
2026-05-25 01:40:13.090 | used=627678MB avail=404155MB buff_cache=125847MB | NPU: die0=0MB die1=0MB die2=0MB die3=0MB die4=0MB die5=0MB die6=0MB die7=0MB die8=0MB die9=0MB die10=0MB die11=0MB die12=0MB die13=0MB die14=0MB die15=0MB die0=3556MB die0=36404MB die1=36396MB die1=3556MB 
2026-05-25 01:40:16.027 | used=627718MB avail=404115MB buff_cache=125848MB | NPU: die0=0MB die1=0MB die2=0MB die3=0MB die4=0MB die5=0MB die6=0MB die7=0MB die8=0MB die9=0MB die10=0MB die11=0MB die12=0MB die13=0MB die14=0MB die15=0MB die0=3556MB die0=36404MB die1=36396MB die1=3556MB 
2026-05-25 01:40:18.966 | used=627774MB avail=404059MB buff_cache=125849MB | NPU: die0=0MB die1=0MB die2=0MB die3=0MB die4=0MB die5=0MB die6=0MB die7=0MB die8=0MB die9=0MB die10=0MB die11=0MB die12=0MB die13=0MB die14=0MB die15=0MB die0=3556MB die0=36404MB die1=36396MB die1=3556MB 
2026-05-25 01:40:21.896 | used=627839MB avail=403994MB buff_cache=125927MB | NPU: die0=0MB die1=0MB die2=0MB die3=0MB die4=0MB die5=0MB die6=0MB die7=0MB die8=0MB die9=0MB die10=0MB die11=0MB die12=0MB die13=0MB die14=0MB die15=0MB die0=3556MB die0=36404MB die1=36396MB die1=3556MB 
2026-05-25 01:40:24.823 | used=627929MB avail=403904MB buff_cache=125933MB | NPU: die0=0MB die1=0MB die2=0MB die3=0MB die4=0MB die5=0MB die6=0MB die7=0MB die8=0MB die9=0MB die10=0MB die11=0MB die12=0MB die13=0MB die14=0MB die15=0MB die0=3556MB die0=36404MB die1=36396MB die1=3556MB 
2026-05-25 01:40:27.746 | used=627923MB avail=403910MB buff_cache=125932MB | NPU: die0=0MB die1=0MB die2=0MB die3=0MB die4=0MB die5=0MB die6=0MB die7=0MB die8=0MB die9=0MB die10=0MB die11=0MB die12=0MB die13=0MB die14=0MB die15=0MB die0=3556MB die0=36404MB die1=36396MB die1=3556MB 
2026-05-25 01:40:30.663 | used=628014MB avail=403819MB buff_cache=125933MB | NPU: die0=0MB die1=0MB die2=0MB die3=0MB die4=0MB die5=0MB die6=0MB die7=0MB die8=0MB die9=0MB die10=0MB die11=0MB die12=0MB die13=0MB die14=0MB die15=0MB die0=3556MB die0=36404MB die1=36396MB die1=3556MB 
2026-05-25 01:40:33.617 | used=628066MB avail=403767MB buff_cache=125933MB | NPU: die0=0MB die1=0MB die2=0MB die3=0MB die4=0MB die5=0MB die6=0MB die7=0MB die8=0MB die9=0MB die10=0MB die11=0MB die12=0MB die13=0MB die14=0MB die15=0MB die0=3556MB die0=36404MB die1=36396MB die1=3556MB 
2026-05-25 01:40:36.542 | used=628071MB avail=403762MB buff_cache=125933MB | NPU: die0=0MB die1=0MB die2=0MB die3=0MB die4=0MB die5=0MB die6=0MB die7=0MB die8=0MB die9=0MB die10=0MB die11=0MB die12=0MB die13=0MB die14=0MB die15=0MB die0=3556MB die0=36404MB die1=36396MB die1=3556MB 
2026-05-25 01:40:39.523 | used=628116MB avail=403717MB buff_cache=125933MB | NPU: die0=0MB die1=0MB die2=0MB die3=0MB die4=0MB die5=0MB die6=0MB die7=0MB die8=0MB die9=0MB die10=0MB die11=0MB die12=0MB die13=0MB die14=0MB die15=0MB die0=3556MB die0=36404MB die1=36396MB die1=3556MB 
2026-05-25 01:40:42.431 | used=628141MB avail=403691MB buff_cache=125933MB | NPU: die0=0MB die1=0MB die2=0MB die3=0MB die4=0MB die5=0MB die6=0MB die7=0MB die8=0MB die9=0MB die10=0MB die11=0MB die12=0MB die13=0MB die14=0MB die15=0MB die0=3556MB die0=36404MB die1=36396MB die1=3556MB 
2026-05-25 01:40:45.432 | used=628187MB avail=403645MB buff_cache=125933MB | NPU: die0=0MB die1=0MB die2=0MB die3=0MB die4=0MB die5=0MB die6=0MB die7=0MB die8=0MB die9=0MB die10=0MB die11=0MB die12=0MB die13=0MB die14=0MB die15=0MB die0=3556MB die0=36404MB die1=36396MB die1=3556MB 
2026-05-25 01:40:48.287 | used=628260MB avail=403573MB buff_cache=125933MB | NPU: die0=0MB die1=0MB die2=0MB die3=0MB die4=0MB die5=0MB die6=0MB die7=0MB die8=0MB die9=0MB die10=0MB die11=0MB die12=0MB die13=0MB die14=0MB die15=0MB die0=3556MB die0=36404MB die1=36396MB die1=3556MB 
2026-05-25 01:40:51.211 | used=628364MB avail=403469MB buff_cache=125933MB | NPU: die0=0MB die1=0MB die2=0MB die3=0MB die4=0MB die5=0MB die6=0MB die7=0MB die8=0MB die9=0MB die10=0MB die11=0MB die12=0MB die13=0MB die14=0MB die15=0MB die0=3556MB die0=36404MB die1=36396MB die1=3556MB 
2026-05-25 01:40:54.231 | used=628476MB avail=403356MB buff_cache=125933MB | NPU: die0=0MB die1=0MB die2=0MB die3=0MB die4=0MB die5=0MB die6=0MB die7=0MB die8=0MB die9=0MB die10=0MB die11=0MB die12=0MB die13=0MB die14=0MB die15=0MB die0=3556MB die0=36404MB die1=36396MB die1=3556MB 
2026-05-25 01:40:57.162 | used=628530MB avail=403303MB buff_cache=125934MB | NPU: die0=0MB die1=0MB die2=0MB die3=0MB die4=0MB die5=0MB die6=0MB die7=0MB die8=0MB die9=0MB die10=0MB die11=0MB die12=0MB die13=0MB die14=0MB die15=0MB die0=3556MB die0=36404MB die1=36396MB die1=3556MB 
2026-05-25 01:41:00.051 | used=628605MB avail=403228MB buff_cache=125934MB | NPU: die0=0MB die1=0MB die2=0MB die3=0MB die4=0MB die5=0MB die6=0MB die7=0MB die8=0MB die9=0MB die10=0MB die11=0MB die12=0MB die13=0MB die14=0MB die15=0MB die0=3556MB die0=36404MB die1=36396MB die1=3556MB 
2026-05-25 01:41:03.073 | used=628664MB avail=403169MB buff_cache=125934MB | NPU: die0=0MB die1=0MB die2=0MB die3=0MB die4=0MB die5=0MB die6=0MB die7=0MB die8=0MB die9=0MB die10=0MB die11=0MB die12=0MB die13=0MB die14=0MB die15=0MB die0=3556MB die0=36406MB die1=36400MB die1=3556MB 
2026-05-25 01:41:06.090 | used=628736MB avail=403097MB buff_cache=125935MB | NPU: die0=0MB die1=0MB die2=0MB die3=0MB die4=0MB die5=0MB die6=0MB die7=0MB die8=0MB die9=0MB die10=0MB die11=0MB die12=0MB die13=0MB die14=0MB die15=0MB die0=3556MB die0=36408MB die1=36400MB die1=3556MB 
2026-05-25 01:41:09.019 | used=628751MB avail=403082MB buff_cache=125935MB | NPU: N/A
2026-05-25 01:41:12.042 | used=628738MB avail=403094MB buff_cache=125935MB | NPU: die0=0MB die1=0MB die2=0MB die3=0MB die4=0MB die5=0MB die6=0MB die7=0MB die8=0MB die9=0MB die10=0MB die11=0MB die12=0MB die13=0MB die14=0MB die15=0MB die0=3556MB die0=36408MB die1=36400MB die1=3556MB 
2026-05-25 01:41:14.997 | used=628799MB avail=403034MB buff_cache=125936MB | NPU: die0=0MB die1=0MB die2=0MB die3=0MB die4=0MB die5=0MB die6=0MB die7=0MB die8=0MB die9=0MB die10=0MB die11=0MB die12=0MB die13=0MB die14=0MB die15=0MB die0=3556MB die0=36414MB die1=36406MB die1=3556MB 
2026-05-25 01:41:17.943 | used=630560MB avail=401272MB buff_cache=126417MB | NPU: N/A
2026-05-25 01:41:20.971 | used=630603MB avail=401230MB buff_cache=126417MB | NPU: die0=0MB die1=0MB die2=0MB die3=0MB die4=0MB die5=0MB die6=0MB die7=0MB die8=0MB die9=0MB die10=0MB die11=0MB die12=0MB die13=0MB die14=0MB die15=0MB die0=3556MB die0=540MB die1=532MB die1=3556MB die2
2026-05-25 01:41:23.951 | used=630951MB avail=400882MB buff_cache=126417MB | NPU: die0=0MB die1=0MB die2=0MB die3=0MB die4=0MB die5=0MB die6=0MB die7=0MB die8=0MB die9=0MB die10=0MB die11=0MB die12=0MB die13=0MB die14=0MB die15=0MB die0=12856MB die0=540MB die1=532MB die1=12856MB di
2026-05-25 01:41:26.928 | used=631910MB avail=399923MB buff_cache=126613MB | NPU: die0=0MB die1=0MB die2=0MB die3=0MB die4=0MB die5=0MB die6=0MB die7=0MB die8=0MB die9=0MB die10=0MB die11=0MB die12=0MB die13=0MB die14=0MB die15=0MB die0=14051MB die0=540MB die1=532MB die1=14051MB di
2026-05-25 01:41:29.951 | used=645945MB avail=385887MB buff_cache=126711MB | NPU: die0=0MB die1=0MB die2=0MB die3=0MB die4=0MB die5=0MB die6=0MB die7=0MB die8=0MB die9=0MB die10=0MB die11=0MB die12=0MB die13=0MB die14=0MB die15=0MB die0=14071MB die0=540MB die1=532MB die1=14071MB di
2026-05-25 01:41:32.896 | used=650556MB avail=381277MB buff_cache=126733MB | NPU: die0=0MB die1=0MB die2=0MB die3=0MB die4=0MB die5=0MB die6=0MB die7=0MB die8=0MB die9=0MB die10=0MB die11=0MB die12=0MB die13=0MB die14=0MB die15=0MB die0=14071MB die0=540MB die1=532MB die1=14071MB di
2026-05-25 01:41:35.841 | used=650917MB avail=380916MB buff_cache=126756MB | NPU: N/A
2026-05-25 01:41:38.860 | used=652425MB avail=379408MB buff_cache=126867MB | NPU: die0=0MB die1=0MB die2=0MB die3=0MB die4=0MB die5=0MB die6=0MB die7=0MB die8=0MB die9=0MB die10=0MB die11=0MB die12=0MB die13=0MB die14=0MB die15=0MB die0=15325MB die0=540MB die1=532MB die1=15325MB di
2026-05-25 01:41:41.791 | used=664589MB avail=367244MB buff_cache=126970MB | NPU: die0=0MB die1=0MB die2=0MB die3=0MB die4=0MB die5=0MB die6=0MB die7=0MB die8=0MB die9=0MB die10=0MB die11=0MB die12=0MB die13=0MB die14=0MB die15=0MB die0=15325MB die0=540MB die1=532MB die1=15325MB di
2026-05-25 01:41:44.771 | used=671959MB avail=359874MB buff_cache=126975MB | NPU: N/A
2026-05-25 01:41:47.800 | used=671504MB avail=360329MB buff_cache=126975MB | NPU: die0=0MB die1=0MB die2=0MB die3=0MB die4=0MB die5=0MB die6=0MB die7=0MB die8=0MB die9=0MB die10=0MB die11=0MB die12=0MB die13=0MB die14=0MB die15=0MB die0=15331MB die0=540MB die1=532MB die1=15331MB di
2026-05-25 01:41:50.770 | used=673277MB avail=358556MB buff_cache=126977MB | NPU: die0=0MB die1=0MB die2=0MB die3=0MB die4=0MB die5=0MB die6=0MB die7=0MB die8=0MB die9=0MB die10=0MB die11=0MB die12=0MB die13=0MB die14=0MB die15=0MB die0=15333MB die0=540MB die1=532MB die1=15333MB di
2026-05-25 01:41:53.665 | used=674562MB avail=357271MB buff_cache=126983MB | NPU: die0=0MB die1=0MB die2=0MB die3=0MB die4=0MB die5=0MB die6=0MB die7=0MB die8=0MB die9=0MB die10=0MB die11=0MB die12=0MB die13=0MB die14=0MB die15=0MB die0=15335MB die0=540MB die1=532MB die1=15335MB di
2026-05-25 01:41:56.687 | used=673962MB avail=357870MB buff_cache=126983MB | NPU: die0=0MB die1=0MB die2=0MB die3=0MB die4=0MB die5=0MB die6=0MB die7=0MB die8=0MB die9=0MB die10=0MB die11=0MB die12=0MB die13=0MB die14=0MB die15=0MB die0=15337MB die0=540MB die1=532MB die1=15335MB di
2026-05-25 01:41:59.622 | used=673863MB avail=357969MB buff_cache=126984MB | NPU: die0=0MB die1=0MB die2=0MB die3=0MB die4=0MB die5=0MB die6=0MB die7=0MB die8=0MB die9=0MB die10=0MB die11=0MB die12=0MB die13=0MB die14=0MB die15=0MB die0=15343MB die0=540MB die1=532MB die1=15343MB di
2026-05-25 01:42:02.554 | used=673787MB avail=358046MB buff_cache=126985MB | NPU: N/A
2026-05-25 01:42:05.575 | used=673855MB avail=357978MB buff_cache=126986MB | NPU: die0=0MB die1=0MB die2=0MB die3=0MB die4=0MB die5=0MB die6=0MB die7=0MB die8=0MB die9=0MB die10=0MB die11=0MB die12=0MB die13=0MB die14=0MB die15=0MB die0=15671MB die0=540MB die1=532MB die1=15731MB di
2026-05-25 01:42:08.446 | used=673961MB avail=357872MB buff_cache=126986MB | NPU: die0=0MB die1=0MB die2=0MB die3=0MB die4=0MB die5=0MB die6=0MB die7=0MB die8=0MB die9=0MB die10=0MB die11=0MB die12=0MB die13=0MB die14=0MB die15=0MB die0=15783MB die0=540MB die1=532MB die1=15823MB di
2026-05-25 01:42:11.364 | used=674036MB avail=357797MB buff_cache=126982MB | NPU: die0=0MB die1=0MB die2=0MB die3=0MB die4=0MB die5=0MB die6=0MB die7=0MB die8=0MB die9=0MB die10=0MB die11=0MB die12=0MB die13=0MB die14=0MB die15=0MB die0=15963MB die0=540MB die1=532MB die1=16039MB di
2026-05-25 01:42:14.266 | used=674156MB avail=357677MB buff_cache=126983MB | NPU: die0=0MB die1=0MB die2=0MB die3=0MB die4=0MB die5=0MB die6=0MB die7=0MB die8=0MB die9=0MB die10=0MB die11=0MB die12=0MB die13=0MB die14=0MB die15=0MB die0=16179MB die0=540MB die1=532MB die1=16219MB di
2026-05-25 01:42:17.188 | used=674195MB avail=357637MB buff_cache=126983MB | NPU: die0=0MB die1=0MB die2=0MB die3=0MB die4=0MB die5=0MB die6=0MB die7=0MB die8=0MB die9=0MB die10=0MB die11=0MB die12=0MB die13=0MB die14=0MB die15=0MB die0=16179MB die0=540MB die1=532MB die1=16219MB di
2026-05-25 01:42:20.097 | used=674243MB avail=357590MB buff_cache=126983MB | NPU: die0=0MB die1=0MB die2=0MB die3=0MB die4=0MB die5=0MB die6=0MB die7=0MB die8=0MB die9=0MB die10=0MB die11=0MB die12=0MB die13=0MB die14=0MB die15=0MB die0=16179MB die0=540MB die1=532MB die1=16219MB di
2026-05-25 01:42:23.024 | used=674284MB avail=357549MB buff_cache=126983MB | NPU: die0=0MB die1=0MB die2=0MB die3=0MB die4=0MB die5=0MB die6=0MB die7=0MB die8=0MB die9=0MB die10=0MB die11=0MB die12=0MB die13=0MB die14=0MB die15=0MB die0=16179MB die0=540MB die1=532MB die1=16219MB di
2026-05-25 01:42:25.944 | used=674341MB avail=357492MB buff_cache=126984MB | NPU: die0=0MB die1=0MB die2=0MB die3=0MB die4=0MB die5=0MB die6=0MB die7=0MB die8=0MB die9=0MB die10=0MB die11=0MB die12=0MB die13=0MB die14=0MB die15=0MB die0=16179MB die0=540MB die1=532MB die1=16219MB di
2026-05-25 01:42:28.846 | used=674320MB avail=357512MB buff_cache=126984MB | NPU: die0=0MB die1=0MB die2=0MB die3=0MB die4=0MB die5=0MB die6=0MB die7=0MB die8=0MB die9=0MB die10=0MB die11=0MB die12=0MB die13=0MB die14=0MB die15=0MB die0=16179MB die0=540MB die1=532MB die1=16219MB di
2026-05-25 01:42:31.787 | used=674299MB avail=357533MB buff_cache=126985MB | NPU: die0=0MB die1=0MB die2=0MB die3=0MB die4=0MB die5=0MB die6=0MB die7=0MB die8=0MB die9=0MB die10=0MB die11=0MB die12=0MB die13=0MB die14=0MB die15=0MB die0=16179MB die0=540MB die1=532MB die1=16219MB di
2026-05-25 01:42:34.710 | used=674245MB avail=357588MB buff_cache=126986MB | NPU: die0=0MB die1=0MB die2=0MB die3=0MB die4=0MB die5=0MB die6=0MB die7=0MB die8=0MB die9=0MB die10=0MB die11=0MB die12=0MB die13=0MB die14=0MB die15=0MB die0=16179MB die0=540MB die1=532MB die1=16219MB di
2026-05-25 01:42:37.684 | used=676618MB avail=355215MB buff_cache=126988MB | NPU: die0=0MB die1=0MB die2=0MB die3=0MB die4=0MB die5=0MB die6=0MB die7=0MB die8=0MB die9=0MB die10=0MB die11=0MB die12=0MB die13=0MB die14=0MB die15=0MB die0=6499MB die0=540MB die1=532MB die1=6499MB die2
2026-05-25 01:42:40.645 | used=678875MB avail=352957MB buff_cache=126990MB | NPU: die0=0MB die1=0MB die2=0MB die3=0MB die4=0MB die5=0MB die6=0MB die7=0MB die8=0MB die9=0MB die10=0MB die11=0MB die12=0MB die13=0MB die14=0MB die15=0MB die0=6499MB die0=540MB die1=532MB die1=6499MB die2
2026-05-25 01:42:43.611 | used=680245MB avail=351588MB buff_cache=126989MB | NPU: die0=0MB die1=0MB die2=0MB die3=0MB die4=0MB die5=0MB die6=0MB die7=0MB die8=0MB die9=0MB die10=0MB die11=0MB die12=0MB die13=0MB die14=0MB die15=0MB die0=25243MB die0=540MB die1=532MB die1=25263MB di
2026-05-25 01:42:46.552 | used=681182MB avail=350651MB buff_cache=127085MB | NPU: die0=0MB die1=0MB die2=0MB die3=0MB die4=0MB die5=0MB die6=0MB die7=0MB die8=0MB die9=0MB die10=0MB die11=0MB die12=0MB die13=0MB die14=0MB die15=0MB die0=25327MB die0=540MB die1=532MB die1=25307MB di
2026-05-25 01:42:49.494 | used=682692MB avail=349141MB buff_cache=127111MB | NPU: die0=0MB die1=0MB die2=0MB die3=0MB die4=0MB die5=0MB die6=0MB die7=0MB die8=0MB die9=0MB die10=0MB die11=0MB die12=0MB die13=0MB die14=0MB die15=0MB die0=25677MB die0=540MB die1=532MB die1=25819MB di
2026-05-25 01:42:52.451 | used=684342MB avail=347491MB buff_cache=127117MB | NPU: die0=0MB die1=0MB die2=0MB die3=0MB die4=0MB die5=0MB die6=0MB die7=0MB die8=0MB die9=0MB die10=0MB die11=0MB die12=0MB die13=0MB die14=0MB die15=0MB die0=25903MB die0=540MB die1=532MB die1=25903MB di
2026-05-25 01:42:55.404 | used=684149MB avail=347684MB buff_cache=127118MB | NPU: die0=0MB die1=0MB die2=0MB die3=0MB die4=0MB die5=0MB die6=0MB die7=0MB die8=0MB die9=0MB die10=0MB die11=0MB die12=0MB die13=0MB die14=0MB die15=0MB die0=25903MB die0=540MB die1=532MB die1=25903MB di
2026-05-25 01:42:58.311 | used=683481MB avail=348352MB buff_cache=127117MB | NPU: die0=0MB die1=0MB die2=0MB die3=0MB die4=0MB die5=0MB die6=0MB die7=0MB die8=0MB die9=0MB die10=0MB die11=0MB die12=0MB die13=0MB die14=0MB die15=0MB die0=26083MB die0=540MB die1=532MB die1=26103MB di
2026-05-25 01:43:01.315 | used=683580MB avail=348253MB buff_cache=127117MB | NPU: die0=0MB die1=0MB die2=0MB die3=0MB die4=0MB die5=0MB die6=0MB die7=0MB die8=0MB die9=0MB die10=0MB die11=0MB die12=0MB die13=0MB die14=0MB die15=0MB die0=26263MB die0=540MB die1=532MB die1=26263MB di
2026-05-25 01:43:04.239 | used=683657MB avail=348175MB buff_cache=127117MB | NPU: die0=0MB die1=0MB die2=0MB die3=0MB die4=0MB die5=0MB die6=0MB die7=0MB die8=0MB die9=0MB die10=0MB die11=0MB die12=0MB die13=0MB die14=0MB die15=0MB die0=26325MB die0=540MB die1=532MB die1=26323MB di
2026-05-25 01:43:07.187 | used=683717MB avail=348116MB buff_cache=127118MB | NPU: die0=0MB die1=0MB die2=0MB die3=0MB die4=0MB die5=0MB die6=0MB die7=0MB die8=0MB die9=0MB die10=0MB die11=0MB die12=0MB die13=0MB die14=0MB die15=0MB die0=26377MB die0=540MB die1=532MB die1=26377MB di
2026-05-25 01:43:10.167 | used=683768MB avail=348065MB buff_cache=127118MB | NPU: die0=0MB die1=0MB die2=0MB die3=0MB die4=0MB die5=0MB die6=0MB die7=0MB die8=0MB die9=0MB die10=0MB die11=0MB die12=0MB die13=0MB die14=0MB die15=0MB die0=26377MB die0=540MB die1=532MB die1=26377MB di
2026-05-25 01:43:13.068 | used=683778MB avail=348055MB buff_cache=127118MB | NPU: die0=0MB die1=0MB die2=0MB die3=0MB die4=0MB die5=0MB die6=0MB die7=0MB die8=0MB die9=0MB die10=0MB die11=0MB die12=0MB die13=0MB die14=0MB die15=0MB die0=26377MB die0=540MB die1=532MB die1=26377MB di
2026-05-25 01:43:16.055 | used=683833MB avail=348000MB buff_cache=127119MB | NPU: die0=0MB die1=0MB die2=0MB die3=0MB die4=0MB die5=0MB die6=0MB die7=0MB die8=0MB die9=0MB die10=0MB die11=0MB die12=0MB die13=0MB die14=0MB die15=0MB die0=26377MB die0=540MB die1=532MB die1=26377MB di
2026-05-25 01:43:18.965 | used=683816MB avail=348017MB buff_cache=127120MB | NPU: die0=0MB die1=0MB die2=0MB die3=0MB die4=0MB die5=0MB die6=0MB die7=0MB die8=0MB die9=0MB die10=0MB die11=0MB die12=0MB die13=0MB die14=0MB die15=0MB die0=26377MB die0=540MB die1=532MB die1=26377MB di
2026-05-25 01:43:21.845 | used=683793MB avail=348040MB buff_cache=127120MB | NPU: die0=0MB die1=0MB die2=0MB die3=0MB die4=0MB die5=0MB die6=0MB die7=0MB die8=0MB die9=0MB die10=0MB die11=0MB die12=0MB die13=0MB die14=0MB die15=0MB die0=26377MB die0=540MB die1=532MB die1=26377MB di
2026-05-25 01:43:24.779 | used=683844MB avail=347989MB buff_cache=127120MB | NPU: die0=0MB die1=0MB die2=0MB die3=0MB die4=0MB die5=0MB die6=0MB die7=0MB die8=0MB die9=0MB die10=0MB die11=0MB die12=0MB die13=0MB die14=0MB die15=0MB die0=26397MB die0=540MB die1=532MB die1=26377MB di
2026-05-25 01:43:27.741 | used=683866MB avail=347967MB buff_cache=127120MB | NPU: die0=0MB die1=0MB die2=0MB die3=0MB die4=0MB die5=0MB die6=0MB die7=0MB die8=0MB die9=0MB die10=0MB die11=0MB die12=0MB die13=0MB die14=0MB die15=0MB die0=26397MB die0=540MB die1=532MB die1=26377MB di
2026-05-25 01:43:30.675 | used=683981MB avail=347852MB buff_cache=127120MB | NPU: die0=0MB die1=0MB die2=0MB die3=0MB die4=0MB die5=0MB die6=0MB die7=0MB die8=0MB die9=0MB die10=0MB die11=0MB die12=0MB die13=0MB die14=0MB die15=0MB die0=26397MB die0=540MB die1=532MB die1=26377MB di
2026-05-25 01:43:33.576 | used=684022MB avail=347811MB buff_cache=127120MB | NPU: die0=0MB die1=0MB die2=0MB die3=0MB die4=0MB die5=0MB die6=0MB die7=0MB die8=0MB die9=0MB die10=0MB die11=0MB die12=0MB die13=0MB die14=0MB die15=0MB die0=26397MB die0=540MB die1=532MB die1=26377MB di
2026-05-25 01:43:36.494 | used=684032MB avail=347801MB buff_cache=127120MB | NPU: die0=0MB die1=0MB die2=0MB die3=0MB die4=0MB die5=0MB die6=0MB die7=0MB die8=0MB die9=0MB die10=0MB die11=0MB die12=0MB die13=0MB die14=0MB die15=0MB die0=26437MB die0=540MB die1=532MB die1=26477MB di
2026-05-25 01:43:39.418 | used=684091MB avail=347741MB buff_cache=127121MB | NPU: die0=0MB die1=0MB die2=0MB die3=0MB die4=0MB die5=0MB die6=0MB die7=0MB die8=0MB die9=0MB die10=0MB die11=0MB die12=0MB die13=0MB die14=0MB die15=0MB die0=26477MB die0=540MB die1=532MB die1=26477MB di
2026-05-25 01:43:42.321 | used=684077MB avail=347756MB buff_cache=127121MB | NPU: die0=0MB die1=0MB die2=0MB die3=0MB die4=0MB die5=0MB die6=0MB die7=0MB die8=0MB die9=0MB die10=0MB die11=0MB die12=0MB die13=0MB die14=0MB die15=0MB die0=26617MB die0=540MB die1=532MB die1=26557MB di
2026-05-25 01:43:45.273 | used=684122MB avail=347711MB buff_cache=127121MB | NPU: die0=0MB die1=0MB die2=0MB die3=0MB die4=0MB die5=0MB die6=0MB die7=0MB die8=0MB die9=0MB die10=0MB die11=0MB die12=0MB die13=0MB die14=0MB die15=0MB die0=26617MB die0=540MB die1=532MB die1=26597MB di
2026-05-25 01:43:48.168 | used=684153MB avail=347680MB buff_cache=127121MB | NPU: die0=0MB die1=0MB die2=0MB die3=0MB die4=0MB die5=0MB die6=0MB die7=0MB die8=0MB die9=0MB die10=0MB die11=0MB die12=0MB die13=0MB die14=0MB die15=0MB die0=26657MB die0=540MB die1=532MB die1=26637MB di
2026-05-25 01:43:51.059 | used=684093MB avail=347740MB buff_cache=127121MB | NPU: die0=0MB die1=0MB die2=0MB die3=0MB die4=0MB die5=0MB die6=0MB die7=0MB die8=0MB die9=0MB die10=0MB die11=0MB die12=0MB die13=0MB die14=0MB die15=0MB die0=26657MB die0=540MB die1=532MB die1=26637MB di
2026-05-25 01:43:53.979 | used=684105MB avail=347727MB buff_cache=127121MB | NPU: die0=0MB die1=0MB die2=0MB die3=0MB die4=0MB die5=0MB die6=0MB die7=0MB die8=0MB die9=0MB die10=0MB die11=0MB die12=0MB die13=0MB die14=0MB die15=0MB die0=26657MB die0=540MB die1=532MB die1=26637MB di
2026-05-25 01:43:56.974 | used=684077MB avail=347756MB buff_cache=127121MB | NPU: die0=0MB die1=0MB die2=0MB die3=0MB die4=0MB die5=0MB die6=0MB die7=0MB die8=0MB die9=0MB die10=0MB die11=0MB die12=0MB die13=0MB die14=0MB die15=0MB die0=26657MB die0=540MB die1=532MB die1=26637MB di
2026-05-25 01:43:59.919 | used=684097MB avail=347736MB buff_cache=127121MB | NPU: die0=0MB die1=0MB die2=0MB die3=0MB die4=0MB die5=0MB die6=0MB die7=0MB die8=0MB die9=0MB die10=0MB die11=0MB die12=0MB die13=0MB die14=0MB die15=0MB die0=26657MB die0=540MB die1=532MB die1=26637MB di
2026-05-25 01:44:02.941 | used=684064MB avail=347769MB buff_cache=127121MB | NPU: die0=0MB die1=0MB die2=0MB die3=0MB die4=0MB die5=0MB die6=0MB die7=0MB die8=0MB die9=0MB die10=0MB die11=0MB die12=0MB die13=0MB die14=0MB die15=0MB die0=26657MB die0=540MB die1=532MB die1=26637MB di
2026-05-25 01:44:05.887 | used=684065MB avail=347768MB buff_cache=127121MB | NPU: die0=0MB die1=0MB die2=0MB die3=0MB die4=0MB die5=0MB die6=0MB die7=0MB die8=0MB die9=0MB die10=0MB die11=0MB die12=0MB die13=0MB die14=0MB die15=0MB die0=26657MB die0=540MB die1=532MB die1=26637MB di
2026-05-25 01:44:08.796 | used=684064MB avail=347769MB buff_cache=127122MB | NPU: die0=0MB die1=0MB die2=0MB die3=0MB die4=0MB die5=0MB die6=0MB die7=0MB die8=0MB die9=0MB die10=0MB die11=0MB die12=0MB die13=0MB die14=0MB die15=0MB die0=26657MB die0=540MB die1=532MB die1=26637MB di
2026-05-25 01:44:11.695 | used=684051MB avail=347781MB buff_cache=127122MB | NPU: die0=0MB die1=0MB die2=0MB die3=0MB die4=0MB die5=0MB die6=0MB die7=0MB die8=0MB die9=0MB die10=0MB die11=0MB die12=0MB die13=0MB die14=0MB die15=0MB die0=26657MB die0=540MB die1=532MB die1=26637MB di
2026-05-25 01:44:14.622 | used=684075MB avail=347758MB buff_cache=127121MB | NPU: die0=0MB die1=0MB die2=0MB die3=0MB die4=0MB die5=0MB die6=0MB die7=0MB die8=0MB die9=0MB die10=0MB die11=0MB die12=0MB die13=0MB die14=0MB die15=0MB die0=26657MB die0=540MB die1=532MB die1=26637MB di
2026-05-25 01:44:17.644 | used=684065MB avail=347768MB buff_cache=127123MB | NPU: die0=0MB die1=0MB die2=0MB die3=0MB die4=0MB die5=0MB die6=0MB die7=0MB die8=0MB die9=0MB die10=0MB die11=0MB die12=0MB die13=0MB die14=0MB die15=0MB die0=26657MB die0=540MB die1=532MB die1=26637MB di
2026-05-25 01:44:20.604 | used=684111MB avail=347722MB buff_cache=127124MB | NPU: die0=0MB die1=0MB die2=0MB die3=0MB die4=0MB die5=0MB die6=0MB die7=0MB die8=0MB die9=0MB die10=0MB die11=0MB die12=0MB die13=0MB die14=0MB die15=0MB die0=26657MB die0=540MB die1=532MB die1=26637MB di
2026-05-25 01:44:23.586 | used=684140MB avail=347692MB buff_cache=127124MB | NPU: die0=0MB die1=0MB die2=0MB die3=0MB die4=0MB die5=0MB die6=0MB die7=0MB die8=0MB die9=0MB die10=0MB die11=0MB die12=0MB die13=0MB die14=0MB die15=0MB die0=26657MB die0=540MB die1=532MB die1=26637MB di
2026-05-25 01:44:26.511 | used=684128MB avail=347705MB buff_cache=127124MB | NPU: die0=0MB die1=0MB die2=0MB die3=0MB die4=0MB die5=0MB die6=0MB die7=0MB die8=0MB die9=0MB die10=0MB die11=0MB die12=0MB die13=0MB die14=0MB die15=0MB die0=26657MB die0=540MB die1=532MB die1=26637MB di
2026-05-25 01:44:29.419 | used=684147MB avail=347686MB buff_cache=127125MB | NPU: die0=0MB die1=0MB die2=0MB die3=0MB die4=0MB die5=0MB die6=0MB die7=0MB die8=0MB die9=0MB die10=0MB die11=0MB die12=0MB die13=0MB die14=0MB die15=0MB die0=26657MB die0=540MB die1=532MB die1=26637MB di
2026-05-25 01:44:32.358 | used=684156MB avail=347677MB buff_cache=127125MB | NPU: die0=0MB die1=0MB die2=0MB die3=0MB die4=0MB die5=0MB die6=0MB die7=0MB die8=0MB die9=0MB die10=0MB die11=0MB die12=0MB die13=0MB die14=0MB die15=0MB die0=26665MB die0=540MB die1=532MB die1=26639MB di
2026-05-25 01:44:35.316 | used=684130MB avail=347703MB buff_cache=127125MB | NPU: die0=0MB die1=0MB die2=0MB die3=0MB die4=0MB die5=0MB die6=0MB die7=0MB die8=0MB die9=0MB die10=0MB die11=0MB die12=0MB die13=0MB die14=0MB die15=0MB die0=26665MB die0=540MB die1=532MB die1=26641MB di
2026-05-25 01:44:38.203 | used=684127MB avail=347706MB buff_cache=127125MB | NPU: die0=0MB die1=0MB die2=0MB die3=0MB die4=0MB die5=0MB die6=0MB die7=0MB die8=0MB die9=0MB die10=0MB die11=0MB die12=0MB die13=0MB die14=0MB die15=0MB die0=26665MB die0=540MB die1=532MB die1=26641MB di
2026-05-25 01:44:41.149 | used=684134MB avail=347699MB buff_cache=127126MB | NPU: die0=0MB die1=0MB die2=0MB die3=0MB die4=0MB die5=0MB die6=0MB die7=0MB die8=0MB die9=0MB die10=0MB die11=0MB die12=0MB die13=0MB die14=0MB die15=0MB die0=26665MB die0=540MB die1=532MB die1=26641MB di
2026-05-25 01:44:44.087 | used=695474MB avail=336359MB buff_cache=127129MB | NPU: die0=0MB die1=0MB die2=0MB die3=0MB die4=0MB die5=0MB die6=0MB die7=0MB die8=0MB die9=0MB die10=0MB die11=0MB die12=0MB die13=0MB die14=0MB die15=0MB die0=28761MB die0=540MB die1=532MB die1=28737MB di
2026-05-25 01:44:47.071 | used=714711MB avail=317122MB buff_cache=127129MB | NPU: die0=0MB die1=0MB die2=0MB die3=0MB die4=0MB die5=0MB die6=0MB die7=0MB die8=0MB die9=0MB die10=0MB die11=0MB die12=0MB die13=0MB die14=0MB die15=0MB die0=28761MB die0=540MB die1=532MB die1=28737MB di
2026-05-25 01:44:50.037 | used=723876MB avail=307957MB buff_cache=127129MB | NPU: die0=0MB die1=0MB die2=0MB die3=0MB die4=0MB die5=0MB die6=0MB die7=0MB die8=0MB die9=0MB die10=0MB die11=0MB die12=0MB die13=0MB die14=0MB die15=0MB die0=28761MB die0=540MB die1=532MB die1=28737MB di
2026-05-25 01:44:52.956 | used=731330MB avail=300503MB buff_cache=127130MB | NPU: die0=0MB die1=0MB die2=0MB die3=0MB die4=0MB die5=0MB die6=0MB die7=0MB die8=0MB die9=0MB die10=0MB die11=0MB die12=0MB die13=0MB die14=0MB die15=0MB die0=28761MB die0=540MB die1=532MB die1=28737MB di
2026-05-25 01:44:55.975 | used=749558MB avail=282275MB buff_cache=127130MB | NPU: die0=0MB die1=0MB die2=0MB die3=0MB die4=0MB die5=0MB die6=0MB die7=0MB die8=0MB die9=0MB die10=0MB die11=0MB die12=0MB die13=0MB die14=0MB die15=0MB die0=28761MB die0=540MB die1=532MB die1=28737MB di
2026-05-25 01:44:58.906 | used=775168MB avail=256665MB buff_cache=127129MB | NPU: die0=0MB die1=0MB die2=0MB die3=0MB die4=0MB die5=0MB die6=0MB die7=0MB die8=0MB die9=0MB die10=0MB die11=0MB die12=0MB die13=0MB die14=0MB die15=0MB die0=28761MB die0=540MB die1=532MB die1=28737MB di
2026-05-25 01:45:01.875 | used=806892MB avail=224941MB buff_cache=127129MB | NPU: die0=0MB die1=0MB die2=0MB die3=0MB die4=0MB die5=0MB die6=0MB die7=0MB die8=0MB die9=0MB die10=0MB die11=0MB die12=0MB die13=0MB die14=0MB die15=0MB die0=28761MB die0=540MB die1=532MB die1=28737MB di
2026-05-25 01:45:04.896 | used=836565MB avail=195268MB buff_cache=127130MB | NPU: die0=0MB die1=0MB die2=0MB die3=0MB die4=0MB die5=0MB die6=0MB die7=0MB die8=0MB die9=0MB die10=0MB die11=0MB die12=0MB die13=0MB die14=0MB die15=0MB die0=28761MB die0=540MB die1=532MB die1=28737MB di
2026-05-25 01:45:07.834 | used=859514MB avail=172319MB buff_cache=127130MB | NPU: die0=0MB die1=0MB die2=0MB die3=0MB die4=0MB die5=0MB die6=0MB die7=0MB die8=0MB die9=0MB die10=0MB die11=0MB die12=0MB die13=0MB die14=0MB die15=0MB die0=28761MB die0=540MB die1=532MB die1=28737MB di
2026-05-25 01:45:10.729 | used=875133MB avail=156700MB buff_cache=127131MB | NPU: die0=0MB die1=0MB die2=0MB die3=0MB die4=0MB die5=0MB die6=0MB die7=0MB die8=0MB die9=0MB die10=0MB die11=0MB die12=0MB die13=0MB die14=0MB die15=0MB die0=28761MB die0=540MB die1=532MB die1=28737MB di
2026-05-25 01:45:13.754 | used=888674MB avail=143159MB buff_cache=127130MB | NPU: die0=0MB die1=0MB die2=0MB die3=0MB die4=0MB die5=0MB die6=0MB die7=0MB die8=0MB die9=0MB die10=0MB die11=0MB die12=0MB die13=0MB die14=0MB die15=0MB die0=28761MB die0=540MB die1=532MB die1=28737MB di
2026-05-25 01:45:16.698 | used=901762MB avail=130071MB buff_cache=127130MB | NPU: die0=0MB die1=0MB die2=0MB die3=0MB die4=0MB die5=0MB die6=0MB die7=0MB die8=0MB die9=0MB die10=0MB die11=0MB die12=0MB die13=0MB die14=0MB die15=0MB die0=28761MB die0=540MB die1=532MB die1=28737MB di
2026-05-25 01:45:19.668 | used=913570MB avail=118263MB buff_cache=120856MB | NPU: die0=0MB die1=0MB die2=0MB die3=0MB die4=0MB die5=0MB die6=0MB die7=0MB die8=0MB die9=0MB die10=0MB die11=0MB die12=0MB die13=0MB die14=0MB die15=0MB die0=28761MB die0=540MB die1=532MB die1=28737MB di
2026-05-25 01:45:22.695 | used=925875MB avail=105957MB buff_cache=108785MB | NPU: die0=0MB die1=0MB die2=0MB die3=0MB die4=0MB die5=0MB die6=0MB die7=0MB die8=0MB die9=0MB die10=0MB die11=0MB die12=0MB die13=0MB die14=0MB die15=0MB die0=28761MB die0=540MB die1=532MB die1=28737MB di
2026-05-25 01:45:25.631 | used=939151MB avail=92682MB buff_cache=98920MB | NPU: die0=0MB die1=0MB die2=0MB die3=0MB die4=0MB die5=0MB die6=0MB die7=0MB die8=0MB die9=0MB die10=0MB die11=0MB die12=0MB die13=0MB die14=0MB die15=0MB die0=28761MB die0=540MB die1=532MB die1=28737MB di
2026-05-25 01:45:28.652 | used=949552MB avail=82280MB buff_cache=85988MB | NPU: die0=0MB die1=0MB die2=0MB die3=0MB die4=0MB die5=0MB die6=0MB die7=0MB die8=0MB die9=0MB die10=0MB die11=0MB die12=0MB die13=0MB die14=0MB die15=0MB die0=28761MB die0=540MB die1=532MB die1=28737MB di
2026-05-25 01:45:31.672 | used=961926MB avail=69907MB buff_cache=74072MB | NPU: die0=0MB die1=0MB die2=0MB die3=0MB die4=0MB die5=0MB die6=0MB die7=0MB die8=0MB die9=0MB die10=0MB die11=0MB die12=0MB die13=0MB die14=0MB die15=0MB die0=28761MB die0=540MB die1=532MB die1=28737MB di
2026-05-25 01:45:34.614 | used=975566MB avail=56267MB buff_cache=62338MB | NPU: die0=0MB die1=0MB die2=0MB die3=0MB die4=0MB die5=0MB die6=0MB die7=0MB die8=0MB die9=0MB die10=0MB die11=0MB die12=0MB die13=0MB die14=0MB die15=0MB die0=28761MB die0=540MB die1=532MB die1=28737MB di
2026-05-25 01:45:37.568 | used=983906MB avail=47927MB buff_cache=53290MB | NPU: die0=0MB die1=0MB die2=0MB die3=0MB die4=0MB die5=0MB die6=0MB die7=0MB die8=0MB die9=0MB die10=0MB die11=0MB die12=0MB die13=0MB die14=0MB die15=0MB die0=28761MB die0=540MB die1=532MB die1=28737MB di
2026-05-25 01:45:40.591 | used=995929MB avail=35903MB buff_cache=37445MB | NPU: die0=0MB die1=0MB die2=0MB die3=0MB die4=0MB die5=0MB die6=0MB die7=0MB die8=0MB die9=0MB die10=0MB die11=0MB die12=0MB die13=0MB die14=0MB die15=0MB die0=28761MB die0=540MB die1=532MB die1=28737MB di
2026-05-25 01:45:43.572 | used=1010653MB avail=21180MB buff_cache=25574MB | NPU: die0=0MB die1=0MB die2=0MB die3=0MB die4=0MB die5=0MB die6=0MB die7=0MB die8=0MB die9=0MB die10=0MB die11=0MB die12=0MB die13=0MB die14=0MB die15=0MB die0=28761MB die0=540MB die1=532MB die1=28737MB di
2026-05-25 01:45:46.594 | used=1023379MB avail=8454MB buff_cache=11822MB | NPU: die0=0MB die1=0MB die2=0MB die3=0MB die4=0MB die5=0MB die6=0MB die7=0MB die8=0MB die9=0MB die10=0MB die11=0MB die12=0MB die13=0MB die14=0MB die15=0MB die0=28761MB die0=540MB die1=532MB die1=28737MB di
2026-05-25 01:45:49.624 | used=1030010MB avail=1823MB buff_cache=4139MB | NPU: die0=0MB die1=0MB die2=0MB die3=0MB die4=0MB die5=0MB die6=0MB die7=0MB die8=0MB die9=0MB die10=0MB die11=0MB die12=0MB die13=0MB die14=0MB die15=0MB die0=28761MB die0=540MB die1=532MB die1=28737MB di
2026-05-25 01:45:52.709 | used=1029353MB avail=2480MB buff_cache=2565MB | NPU: N/A
2026-05-25 01:45:55.751 | used=1022743MB avail=9090MB buff_cache=2800MB | NPU: die0=0MB die1=0MB die2=0MB die3=0MB die4=0MB die5=0MB die6=0MB die7=0MB die8=0MB die9=0MB die10=0MB die11=0MB die12=0MB die13=0MB die14=0MB die15=0MB die0=28761MB die0=146MB die1=146MB die1=28737MB di
2026-05-25 01:45:58.776 | used=745888MB avail=285945MB buff_cache=2989MB | NPU: die0=0MB die1=0MB die2=0MB die3=0MB die4=0MB die5=0MB die6=0MB die7=0MB die8=0MB die9=0MB die10=0MB die11=0MB die12=0MB die13=0MB die14=0MB die15=0MB die0=28761MB die1=28737MB die2=28681MB die3=28701M
2026-05-25 01:46:01.691 | used=629964MB avail=401869MB buff_cache=3054MB | NPU: die0=0MB die1=0MB die2=0MB die3=0MB die4=0MB die5=0MB die6=0MB die7=0MB die8=0MB die9=0MB die10=0MB die11=0MB die12=0MB die13=0MB die14=0MB die15=0MB die0=28761MB die1=28737MB die2=28681MB die3=28701M
2026-05-25 01:46:04.608 | used=637736MB avail=394097MB buff_cache=3093MB | NPU: N/A
2026-05-25 01:46:07.627 | used=627730MB avail=404103MB buff_cache=3380MB | NPU: die0=0MB die1=0MB die2=0MB die3=0MB die4=0MB die5=0MB die6=0MB die7=0MB die8=0MB die9=0MB die10=0MB die11=0MB die12=0MB die13=0MB die14=0MB die15=0MB die0=28761MB die1=28737MB die2=28681MB die3=28701M
2026-05-25 01:46:10.539 | used=551154MB avail=480679MB buff_cache=3402MB | NPU: die0=0MB die1=0MB die2=0MB die3=0MB die4=0MB die5=0MB die6=0MB die7=0MB die8=0MB die9=0MB die10=0MB die11=0MB die12=0MB die13=0MB die14=0MB die15=0MB 
2026-05-25 01:46:13.424 | used=400325MB avail=631508MB buff_cache=3404MB | NPU: die0=0MB die1=0MB die2=0MB die3=0MB die4=0MB die5=0MB die6=0MB die7=0MB die8=0MB die9=0MB die10=0MB die11=0MB die12=0MB die13=0MB die14=0MB die15=0MB 
2026-05-25 01:46:16.419 | used=323853MB avail=707979MB buff_cache=3407MB | NPU: die0=0MB die1=0MB die2=0MB die3=0MB die4=0MB die5=0MB die6=0MB die7=0MB die8=0MB die9=0MB die10=0MB die11=0MB die12=0MB die13=0MB die14=0MB die15=0MB 
2026-05-25 01:46:19.317 | used=158312MB avail=873521MB buff_cache=3407MB | NPU: die0=0MB die1=0MB die2=0MB die3=0MB die4=0MB die5=0MB die6=0MB die7=0MB die8=0MB die9=0MB die10=0MB die11=0MB die12=0MB die13=0MB die14=0MB die15=0MB 
2026-05-25 01:46:22.200 | used=30756MB avail=1001077MB buff_cache=3411MB | NPU: die0=0MB die1=0MB die2=0MB die3=0MB die4=0MB die5=0MB die6=0MB die7=0MB die8=0MB die9=0MB die10=0MB die11=0MB die12=0MB die13=0MB die14=0MB die15=0MB 
2026-05-25 01:46:25.224 | used=19592MB avail=1012240MB buff_cache=2896MB | NPU: die0=0MB die1=0MB die2=0MB die3=0MB die4=0MB die5=0MB die6=0MB die7=0MB die8=0MB die9=0MB die10=0MB die11=0MB die12=0MB die13=0MB die14=0MB die15=0MB 
2026-05-25 01:46:28.163 | used=19551MB avail=1012282MB buff_cache=2938MB | NPU: die0=0MB die1=0MB die2=0MB die3=0MB die4=0MB die5=0MB die6=0MB die7=0MB die8=0MB die9=0MB die10=0MB die11=0MB die12=0MB die13=0MB die14=0MB die15=0MB 
2026-05-25 01:46:31.059 | used=19488MB avail=1012345MB buff_cache=2946MB | NPU: die0=0MB die1=0MB die2=0MB die3=0MB die4=0MB die5=0MB die6=0MB die7=0MB die8=0MB die9=0MB die10=0MB die11=0MB die12=0MB die13=0MB die14=0MB die15=0MB 
